Archive member included to satisfy reference by file (symbol)

/opt/st/stm32cubeide_1.11.2/plugins/com.st.stm32cube.ide.mcu.externaltools.gnu-tools-for-stm32.10.3-2021.10.linux64_1.0.100.202210260954/tools/bin/../lib/gcc/arm-none-eabi/10.3.1/../../../../arm-none-eabi/lib/thumb/v7-m/nofp/libc_nano.a(lib_a-errno.o)
                              ./Core/Src/syscalls.o (__errno)
/opt/st/stm32cubeide_1.11.2/plugins/com.st.stm32cube.ide.mcu.externaltools.gnu-tools-for-stm32.10.3-2021.10.linux64_1.0.100.202210260954/tools/bin/../lib/gcc/arm-none-eabi/10.3.1/../../../../arm-none-eabi/lib/thumb/v7-m/nofp/libc_nano.a(lib_a-exit.o)
                              /opt/st/stm32cubeide_1.11.2/plugins/com.st.stm32cube.ide.mcu.externaltools.gnu-tools-for-stm32.10.3-2021.10.linux64_1.0.100.202210260954/tools/bin/../lib/gcc/arm-none-eabi/10.3.1/../../../../arm-none-eabi/lib/thumb/v7-m/nofp/crt0.o (exit)
/opt/st/stm32cubeide_1.11.2/plugins/com.st.stm32cube.ide.mcu.externaltools.gnu-tools-for-stm32.10.3-2021.10.linux64_1.0.100.202210260954/tools/bin/../lib/gcc/arm-none-eabi/10.3.1/../../../../arm-none-eabi/lib/thumb/v7-m/nofp/libc_nano.a(lib_a-impure.o)
                              /opt/st/stm32cubeide_1.11.2/plugins/com.st.stm32cube.ide.mcu.externaltools.gnu-tools-for-stm32.10.3-2021.10.linux64_1.0.100.202210260954/tools/bin/../lib/gcc/arm-none-eabi/10.3.1/../../../../arm-none-eabi/lib/thumb/v7-m/nofp/libc_nano.a(lib_a-exit.o) (_global_impure_ptr)
/opt/st/stm32cubeide_1.11.2/plugins/com.st.stm32cube.ide.mcu.externaltools.gnu-tools-for-stm32.10.3-2021.10.linux64_1.0.100.202210260954/tools/bin/../lib/gcc/arm-none-eabi/10.3.1/../../../../arm-none-eabi/lib/thumb/v7-m/nofp/libc_nano.a(lib_a-init.o)
                              /opt/st/stm32cubeide_1.11.2/plugins/com.st.stm32cube.ide.mcu.externaltools.gnu-tools-for-stm32.10.3-2021.10.linux64_1.0.100.202210260954/tools/bin/../lib/gcc/arm-none-eabi/10.3.1/../../../../arm-none-eabi/lib/thumb/v7-m/nofp/crt0.o (__libc_init_array)
/opt/st/stm32cubeide_1.11.2/plugins/com.st.stm32cube.ide.mcu.externaltools.gnu-tools-for-stm32.10.3-2021.10.linux64_1.0.100.202210260954/tools/bin/../lib/gcc/arm-none-eabi/10.3.1/../../../../arm-none-eabi/lib/thumb/v7-m/nofp/libc_nano.a(lib_a-memcpy-stub.o)
                              ./Core/Src/ssd1306.o (memcpy)
/opt/st/stm32cubeide_1.11.2/plugins/com.st.stm32cube.ide.mcu.externaltools.gnu-tools-for-stm32.10.3-2021.10.linux64_1.0.100.202210260954/tools/bin/../lib/gcc/arm-none-eabi/10.3.1/../../../../arm-none-eabi/lib/thumb/v7-m/nofp/libc_nano.a(lib_a-memmove.o)
                              ./Core/Src/ssd1306_tests.o (memmove)
/opt/st/stm32cubeide_1.11.2/plugins/com.st.stm32cube.ide.mcu.externaltools.gnu-tools-for-stm32.10.3-2021.10.linux64_1.0.100.202210260954/tools/bin/../lib/gcc/arm-none-eabi/10.3.1/../../../../arm-none-eabi/lib/thumb/v7-m/nofp/libc_nano.a(lib_a-memset.o)
                              /opt/st/stm32cubeide_1.11.2/plugins/com.st.stm32cube.ide.mcu.externaltools.gnu-tools-for-stm32.10.3-2021.10.linux64_1.0.100.202210260954/tools/bin/../lib/gcc/arm-none-eabi/10.3.1/../../../../arm-none-eabi/lib/thumb/v7-m/nofp/crt0.o (memset)
/opt/st/stm32cubeide_1.11.2/plugins/com.st.stm32cube.ide.mcu.externaltools.gnu-tools-for-stm32.10.3-2021.10.linux64_1.0.100.202210260954/tools/bin/../lib/gcc/arm-none-eabi/10.3.1/../../../../arm-none-eabi/lib/thumb/v7-m/nofp/libc_nano.a(lib_a-snprintf.o)
                              ./Core/Src/ssd1306_tests.o (snprintf)
/opt/st/stm32cubeide_1.11.2/plugins/com.st.stm32cube.ide.mcu.externaltools.gnu-tools-for-stm32.10.3-2021.10.linux64_1.0.100.202210260954/tools/bin/../lib/gcc/arm-none-eabi/10.3.1/../../../../arm-none-eabi/lib/thumb/v7-m/nofp/libc_nano.a(lib_a-nano-svfprintf.o)
                              /opt/st/stm32cubeide_1.11.2/plugins/com.st.stm32cube.ide.mcu.externaltools.gnu-tools-for-stm32.10.3-2021.10.linux64_1.0.100.202210260954/tools/bin/../lib/gcc/arm-none-eabi/10.3.1/../../../../arm-none-eabi/lib/thumb/v7-m/nofp/libc_nano.a(lib_a-snprintf.o) (_svfprintf_r)
/opt/st/stm32cubeide_1.11.2/plugins/com.st.stm32cube.ide.mcu.externaltools.gnu-tools-for-stm32.10.3-2021.10.linux64_1.0.100.202210260954/tools/bin/../lib/gcc/arm-none-eabi/10.3.1/../../../../arm-none-eabi/lib/thumb/v7-m/nofp/libc_nano.a(lib_a-nano-vfprintf_i.o)
                              /opt/st/stm32cubeide_1.11.2/plugins/com.st.stm32cube.ide.mcu.externaltools.gnu-tools-for-stm32.10.3-2021.10.linux64_1.0.100.202210260954/tools/bin/../lib/gcc/arm-none-eabi/10.3.1/../../../../arm-none-eabi/lib/thumb/v7-m/nofp/libc_nano.a(lib_a-nano-svfprintf.o) (_printf_i)
/opt/st/stm32cubeide_1.11.2/plugins/com.st.stm32cube.ide.mcu.externaltools.gnu-tools-for-stm32.10.3-2021.10.linux64_1.0.100.202210260954/tools/bin/../lib/gcc/arm-none-eabi/10.3.1/../../../../arm-none-eabi/lib/thumb/v7-m/nofp/libc_nano.a(lib_a-memchr-stub.o)
[...]
Memory Configuration

Name             Origin             Length             Attributes
RAM              0x0000000020000000 0x0000000000005000 xrw
FLASH            0x0000000008000000 0x0000000000010000 xr
*default*        0x0000000000000000 0xffffffffffffffff

Linker script and memory map

LOAD /opt/st/stm32cubeide_1.11.2/plugins/com.st.stm32cube.ide.mcu.externaltools.gnu-tools-for-stm32.10.3-2021.10.linux64_1.0.100.202210260954/tools/bin/../lib/gcc/arm-none-eabi/10.3.1/thumb/v7-m/nofp/crti.o
LOAD /opt/st/stm32cubeide_1.11.2/plugins/com.st.stm32cube.ide.mcu.externaltools.gnu-tools-for-stm32.10.3-2021.10.linux64_1.0.100.202210260954/tools/bin/../lib/gcc/arm-none-eabi/10.3.1/thumb/v7-m/nofp/crtbegin.o
LOAD /opt/st/stm32cubeide_1.11.2/plugins/com.st.stm32cube.ide.mcu.externaltools.gnu-tools-for-stm32.10.3-2021.10.linux64_1.0.100.202210260954/tools/bin/../lib/gcc/arm-none-eabi/10.3.1/../../../../arm-none-eabi/lib/thumb/v7-m/nofp/crt0.o
LOAD ./Core/Src/fonts.o
LOAD ./Core/Src/main.o
LOAD ./Core/Src/ssd1306.o
LOAD ./Core/Src/ssd1306_tests.o
LOAD ./Core/Src/stm32f1xx_hal_msp.o
LOAD ./Core/Src/stm32f1xx_it.o
LOAD ./Core/Src/syscalls.o
LOAD ./Core/Src/sysmem.o
LOAD ./Core/Src/system_stm32f1xx.o
LOAD ./Core/Startup/startup_stm32f103c8tx.o
LOAD ./Drivers/STM32F1xx_HAL_Driver/Src/stm32f1xx_hal.o
LOAD ./Drivers/STM32F1xx_HAL_Driver/Src/stm32f1xx_hal_cortex.o
LOAD ./Drivers/STM32F1xx_HAL_Driver/Src/stm32f1xx_hal_dma.o
LOAD ./Drivers/STM32F1xx_HAL_Driver/Src/stm32f1xx_hal_exti.o
LOAD ./Drivers/STM32F1xx_HAL_Driver/Src/stm32f1xx_hal_flash.o
LOAD ./Drivers/STM32F1xx_HAL_Driver/Src/stm32f1xx_hal_flash_ex.o
LOAD ./Drivers/STM32F1xx_HAL_Driver/Src/stm32f1xx_hal_gpio.o
LOAD ./Drivers/STM32F1xx_HAL_Driver/Src/stm32f1xx_hal_gpio_ex.o
LOAD ./Drivers/STM32F1xx_HAL_Driver/Src/stm32f1xx_hal_i2c.o
LOAD ./Drivers/STM32F1xx_HAL_Driver/Src/stm32f1xx_hal_pwr.o
LOAD ./Drivers/STM32F1xx_HAL_Driver/Src/stm32f1xx_hal_rcc.o
LOAD ./Drivers/STM32F1xx_HAL_Driver/Src/stm32f1xx_hal_rcc_ex.o
LOAD ./Drivers/STM32F1xx_HAL_Driver/Src/stm32f1xx_hal_tim.o
LOAD ./Drivers/STM32F1xx_HAL_Driver/Src/stm32f1xx_hal_tim_ex.o
START GROUP
LOAD /opt/st/stm32cubeide_1.11.2/plugins/com.st.stm32cube.ide.mcu.externaltools.gnu-tools-for-stm32.10.3-2021.10.linux64_1.0.100.202210260954/tools/bin/../lib/gcc/arm-none-eabi/10.3.1/../../../../arm-none-eabi/lib/thumb/v7-m/nofp/libc_nano.a
LOAD /opt/st/stm32cubeide_1.11.2/plugins/com.st.stm32cube.ide.mcu.externaltools.gnu-tools-for-stm32.10.3-2021.10.linux64_1.0.100.202210260954/tools/bin/../lib/gcc/arm-none-eabi/10.3.1/../../../../arm-none-eabi/lib/thumb/v7-m/nofp/libm.a
END GROUP
START GROUP
LOAD /opt/st/stm32cubeide_1.11.2/plugins/com.st.stm32cube.ide.mcu.externaltools.gnu-tools-for-stm32.10.3-2021.10.linux64_1.0.100.202210260954/tools/bin/../lib/gcc/arm-none-eabi/10.3.1/thumb/v7-m/nofp/libgcc.a
LOAD /opt/st/stm32cubeide_1.11.2/plugins/com.st.stm32cube.ide.mcu.externaltools.gnu-tools-for-stm32.10.3-2021.10.linux64_1.0.100.202210260954/tools/bin/../lib/gcc/arm-none-eabi/10.3.1/../../../../arm-none-eabi/lib/thumb/v7-m/nofp/libc_nano.a
END GROUP
START GROUP
LOAD /opt/st/stm32cubeide_1.11.2/plugins/com.st.stm32cube.ide.mcu.externaltools.gnu-tools-for-stm32.10.3-2021.10.linux64_1.0.100.202210260954/tools/bin/../lib/gcc/arm-none-eabi/10.3.1/thumb/v7-m/nofp/libgcc.a
LOAD /opt/st/stm32cubeide_1.11.2/plugins/com.st.stm32cube.ide.mcu.externaltools.gnu-tools-for-stm32.10.3-2021.10.linux64_1.0.100.202210260954/tools/bin/../lib/gcc/arm-none-eabi/10.3.1/../../../../arm-none-eabi/lib/thumb/v7-m/nofp/libc_nano.a
LOAD /opt/st/stm32cubeide_1.11.2/plugins/com.st.stm32cube.ide.mcu.externaltools.gnu-tools-for-stm32.10.3-2021.10.linux64_1.0.100.202210260954/tools/bin/../lib/gcc/arm-none-eabi/10.3.1/../../../../arm-none-eabi/lib/thumb/v7-m/nofp/libnosys.a
END GROUP
START GROUP
LOAD /opt/st/stm32cubeide_1.11.2/plugins/com.st.stm32cube.ide.mcu.externaltools.gnu-tools-for-stm32.10.3-2021.10.linux64_1.0.100.202210260954/tools/bin/../lib/gcc/arm-none-eabi/10.3.1/thumb/v7-m/nofp/libgcc.a
LOAD /opt/st/stm32cubeide_1.11.2/plugins/com.st.stm32cube.ide.mcu.externaltools.gnu-tools-for-stm32.10.3-2021.10.linux64_1.0.100.202210260954/tools/bin/../lib/gcc/arm-none-eabi/10.3.1/../../../../arm-none-eabi/lib/thumb/v7-m/nofp/libc_nano.a
LOAD /opt/st/stm32cubeide_1.11.2/plugins/com.st.stm32cube.ide.mcu.externaltools.gnu-tools-for-stm32.10.3-2021.10.linux64_1.0.100.202210260954/tools/bin/../lib/gcc/arm-none-eabi/10.3.1/../../../../arm-none-eabi/lib/thumb/v7-m/nofp/libnosys.a
END GROUP
LOAD /opt/st/stm32cubeide_1.11.2/plugins/com.st.stm32cube.ide.mcu.externaltools.gnu-tools-for-stm32.10.3-2021.10.linux64_1.0.100.202210260954/tools/bin/../lib/gcc/arm-none-eabi/10.3.1/thumb/v7-m/nofp/crtend.o
LOAD /opt/st/stm32cubeide_1.11.2/plugins/com.st.stm32cube.ide.mcu.externaltools.gnu-tools-for-stm32.10.3-2021.10.linux64_1.0.100.202210260954/tools/bin/../lib/gcc/arm-none-eabi/10.3.1/thumb/v7-m/nofp/crtn.o
                0x0000000020005000                _estack = (ORIGIN (RAM) + LENGTH (RAM))
                0x0000000000000200                _Min_Heap_Size = 0x200
                0x0000000000000400                _Min_Stack_Size = 0x400

.isr_vector     0x0000000008000000      0x10c
                0x0000000008000000                . = ALIGN (0x4)
 *(.isr_vector)
 .isr_vector    0x0000000008000000      0x10c ./Core/Startup/startup_stm32f103c8tx.o
                0x0000000008000000                g_pfnVectors
                0x000000000800010c                . = ALIGN (0x4)

.text           0x0000000008000110     0x6cac
                0x0000000008000110                . = ALIGN (0x4)
 *(.text)
 .text          0x0000000008000110       0x40 /opt/st/stm32cubeide_1.11.2/plugins/com.st.stm32cube.ide.mcu.externaltools.gnu-tools-for-stm32.10.3-2021.10.linux64_1.0.100.202210260954/tools/bin/../lib/gcc/arm-none-eabi/10.3.1/thumb/v7-m/nofp/crtbegin.o
 .text          0x0000000008000150      0x378 /opt/st/stm32cubeide_1.11.2/plugins/com.st.stm32cube.ide.mcu.externaltools.gnu-tools-for-stm32.10.3-2021.10.linux64_1.0.100.202210260954/tools/bin/../lib/gcc/arm-none-eabi/10.3.1/thumb/v7-m/nofp/libgcc.a(_arm_addsubdf3.o)
                0x0000000008000150                __aeabi_drsub
                0x0000000008000158                __aeabi_dsub
                0x0000000008000158                __subdf3
                0x000000000800015c                __adddf3
                0x000000000800015c                __aeabi_dadd
                0x00000000080003d4                __aeabi_ui2d
                0x00000000080003d4                __floatunsidf
                0x00000000080003f4                __floatsidf
                0x00000000080003f4                __aeabi_i2d
                0x0000000008000418                __extendsfdf2
                0x0000000008000418                __aeabi_f2d
                0x000000000800045c                __aeabi_ul2d
                0x000000000800045c                __floatundidf
                0x000000000800046c                __floatdidf
                0x000000000800046c                __aeabi_l2d
 .text          0x00000000080004c8      0x424 /opt/st/stm32cubeide_1.11.2/plugins/com.st.stm32cube.ide.mcu.externaltools.gnu-tools-for-stm32.10.3-2021.10.linux64_1.0.100.202210260954/tools/bin/../lib/gcc/arm-none-eabi/10.3.1/thumb/v7-m/nofp/libgcc.a(_arm_muldivdf3.o)
                0x00000000080004c8                __aeabi_dmul
                0x00000000080004c8                __muldf3
                0x000000000800071c                __aeabi_ddiv
                0x000000000800071c                __divdf3
 .text          0x00000000080008ec      0x110 /opt/st/stm32cubeide_1.11.2/plugins/com.st.stm32cube.ide.mcu.externaltools.gnu-tools-for-stm32.10.3-2021.10.linux64_1.0.100.202210260954/tools/bin/../lib/gcc/arm-none-eabi/10.3.1/thumb/v7-m/nofp/libgcc.a(_arm_cmpdf2.o)
                0x00000000080008ec                __gtdf2
                0x00000000080008ec                __gedf2
                0x00000000080008f4                __ltdf2
                0x00000000080008f4                __ledf2
                0x00000000080008fc                __cmpdf2
                0x00000000080008fc                __eqdf2
                0x00000000080008fc                __nedf2
                0x0000000008000978                __aeabi_cdrcmple
                0x0000000008000988                __aeabi_cdcmple
                0x0000000008000988                __aeabi_cdcmpeq
                0x0000000008000998                __aeabi_dcmpeq
                0x00000000080009ac                __aeabi_dcmplt
                0x00000000080009c0                __aeabi_dcmple
                0x00000000080009d4                __aeabi_dcmpge
                0x00000000080009e8                __aeabi_dcmpgt
 .text          0x00000000080009fc       0x50 /opt/st/stm32cubeide_1.11.2/plugins/com.st.stm32cube.ide.mcu.externaltools.gnu-tools-for-stm32.10.3-2021.10.linux64_1.0.100.202210260954/tools/bin/../lib/gcc/arm-none-eabi/10.3.1/thumb/v7-m/nofp/libgcc.a(_arm_fixdfsi.o)
                0x00000000080009fc                __fixdfsi
                0x00000000080009fc                __aeabi_d2iz
 .text          0x0000000008000a4c       0xa0 /opt/st/stm32cubeide_1.11.2/plugins/com.st.stm32cube.ide.mcu.externaltools.gnu-tools-for-stm32.10.3-2021.10.linux64_1.0.100.202210260954/tools/bin/../lib/gcc/arm-none-eabi/10.3.1/thumb/v7-m/nofp/libgcc.a(_arm_truncdfsf2.o)
                0x0000000008000a4c                __aeabi_d2f
                0x0000000008000a4c                __truncdfsf2
 .text          0x0000000008000aec      0x21c /opt/st/stm32cubeide_1.11.2/plugins/com.st.stm32cube.ide.mcu.externaltools.gnu-tools-for-stm32.10.3-2021.10.linux64_1.0.100.202210260954/tools/bin/../lib/gcc/arm-none-eabi/10.3.1/thumb/v7-m/nofp/libgcc.a(_arm_addsubsf3.o)
                0x0000000008000aec                __aeabi_frsub
                0x0000000008000af4                __subsf3
                0x0000000008000af4                __aeabi_fsub
                0x0000000008000af8                __aeabi_fadd
                0x0000000008000af8                __addsf3
                0x0000000008000c58                __aeabi_ui2f
                0x0000000008000c58                __floatunsisf
                0x0000000008000c60                __aeabi_i2f
                0x0000000008000c60                __floatsisf
                0x0000000008000c7c                __floatundisf
                0x0000000008000c7c                __aeabi_ul2f
                0x0000000008000c8c                __floatdisf
                0x0000000008000c8c                __aeabi_l2f
 .text          0x0000000008000d08      0x2a0 /opt/st/stm32cubeide_1.11.2/plugins/com.st.stm32cube.ide.mcu.externaltools.gnu-tools-for-stm32.10.3-2021.10.linux64_1.0.100.202210260954/tools/bin/../lib/gcc/arm-none-eabi/10.3.1/thumb/v7-m/nofp/libgcc.a(_arm_muldivsf3.o)
                0x0000000008000d08                __mulsf3
                0x0000000008000d08                __aeabi_fmul
                0x0000000008000e70                __divsf3
                0x0000000008000e70                __aeabi_fdiv
 *(.text*)
 .text.main     0x0000000008000fa8       0x4c ./Core/Src/main.o
                0x0000000008000fa8                main
 .text.SystemClock_Config
                0x0000000008000ff4       0x8a ./Core/Src/main.o
                0x0000000008000ff4                SystemClock_Config
 *fill*         0x000000000800107e        0x2 
 .text.MX_I2C2_Init
                0x0000000008001080       0x5c ./Core/Src/main.o
 .text.MX_TIM1_Init
                0x00000000080010dc       0xb0 ./Core/Src/main.o
 .text.MX_TIM2_Init
                0x000000000800118c      0x118 ./Core/Src/main.o
 .text.MX_TIM3_Init
                0x00000000080012a4       0xa8 ./Core/Src/main.o
 .text.MX_TIM4_Init
                0x000000000800134c       0xa8 ./Core/Src/main.o
 .text.MX_GPIO_Init
                0x00000000080013f4       0xdc ./Core/Src/main.o
 .text.Error_Handler
                0x00000000080014d0        0xa ./Core/Src/main.o
                0x00000000080014d0                Error_Handler
 .text.ssd1306_Reset
                0x00000000080014da        0xc ./Core/Src/ssd1306.o
                0x00000000080014da                ssd1306_Reset
 *fill*         0x00000000080014e6        0x2 
 .text.ssd1306_WriteCommand
                0x00000000080014e8       0x30 ./Core/Src/ssd1306.o
                0x00000000080014e8                ssd1306_WriteCommand
 .text.ssd1306_WriteData
                0x0000000008001518       0x34 ./Core/Src/ssd1306.o
                0x0000000008001518                ssd1306_WriteData
 .text.ssd1306_Init
                0x000000000800154c       0xd4 ./Core/Src/ssd1306.o
                0x000000000800154c                ssd1306_Init
 .text.ssd1306_Fill
                0x0000000008001620       0x30 ./Core/Src/ssd1306.o
                0x0000000008001620                ssd1306_Fill
 .text.ssd1306_UpdateScreen
                0x0000000008001650       0x50 ./Core/Src/ssd1306.o
                0x0000000008001650                ssd1306_UpdateScreen
 .text.ssd1306_DrawPixel
                0x00000000080016a0       0xa4 ./Core/Src/ssd1306.o
                0x00000000080016a0                ssd1306_DrawPixel
 .text.ssd1306_WriteChar
                0x0000000008001744      0x110 ./Core/Src/ssd1306.o
                0x0000000008001744                ssd1306_WriteChar
 .text.ssd1306_WriteString
                0x0000000008001854       0x4c ./Core/Src/ssd1306.o
                0x0000000008001854                ssd1306_WriteString
 .text.ssd1306_SetCursor
                0x00000000080018a0       0x30 ./Core/Src/ssd1306.o
                0x00000000080018a0                ssd1306_SetCursor
 .text.ssd1306_Line
                0x00000000080018d0       0xd8 ./Core/Src/ssd1306.o
                0x00000000080018d0                ssd1306_Line
 .text.ssd1306_Polyline
                0x00000000080019a8       0x74 ./Core/Src/ssd1306.o
                0x00000000080019a8                ssd1306_Polyline
 *fill*         0x0000000008001a1c        0x4 
 .text.ssd1306_DegToRad
                0x0000000008001a20       0x4c ./Core/Src/ssd1306.o
 .text.ssd1306_NormalizeTo0_360
                0x0000000008001a6c       0x50 ./Core/Src/ssd1306.o
 .text.ssd1306_DrawArc
                0x0000000008001abc      0x21c ./Core/Src/ssd1306.o
                0x0000000008001abc                ssd1306_DrawArc
 .text.ssd1306_DrawArcWithRadiusLine
                0x0000000008001cd8      0x300 ./Core/Src/ssd1306.o
                0x0000000008001cd8                ssd1306_DrawArcWithRadiusLine
 .text.ssd1306_DrawCircle
                0x0000000008001fd8      0x10e ./Core/Src/ssd1306.o
                0x0000000008001fd8                ssd1306_DrawCircle
 .text.ssd1306_FillCircle
                0x00000000080020e6       0xe6 ./Core/Src/ssd1306.o
                0x00000000080020e6                ssd1306_FillCircle
 .text.ssd1306_DrawRectangle
                0x00000000080021cc       0x6e ./Core/Src/ssd1306.o
                0x00000000080021cc                ssd1306_DrawRectangle
 .text.ssd1306_FillRectangle
                0x000000000800223a       0x9c ./Core/Src/ssd1306.o
                0x000000000800223a                ssd1306_FillRectangle
 .text.ssd1306_DrawBitmap
                0x00000000080022d6       0xb6 ./Core/Src/ssd1306.o
                0x00000000080022d6                ssd1306_DrawBitmap
 .text.ssd1306_SetContrast
                0x000000000800238c       0x26 ./Core/Src/ssd1306.o
                0x000000000800238c                ssd1306_SetContrast
 *fill*         0x00000000080023b2        0x2 
 .text.ssd1306_SetDisplayOn
                0x00000000080023b4       0x3c ./Core/Src/ssd1306.o
                0x00000000080023b4                ssd1306_SetDisplayOn
 .text.ssd1306_TestBorder
                0x00000000080023f0       0x94 ./Core/Src/ssd1306_tests.o
                0x00000000080023f0                ssd1306_TestBorder
 .text.ssd1306_TestFonts1
                0x0000000008002484       0xa8 ./Core/Src/ssd1306_tests.o
                0x0000000008002484                ssd1306_TestFonts1
 .text.ssd1306_TestFonts2
                0x000000000800252c       0x70 ./Core/Src/ssd1306_tests.o
                0x000000000800252c                ssd1306_TestFonts2
 .text.ssd1306_TestFPS
                0x000000000800259c      0x13c ./Core/Src/ssd1306_tests.o
                0x000000000800259c                ssd1306_TestFPS
 .text.ssd1306_TestLine
                0x00000000080026d8       0x30 ./Core/Src/ssd1306_tests.o
                0x00000000080026d8                ssd1306_TestLine
 .text.ssd1306_TestRectangle
                0x0000000008002708       0x70 ./Core/Src/ssd1306_tests.o
                0x0000000008002708                ssd1306_TestRectangle
 .text.ssd1306_TestRectangleFill
                0x0000000008002778       0x50 ./Core/Src/ssd1306_tests.o
                0x0000000008002778                ssd1306_TestRectangleFill
 .text.ssd1306_TestCircle
                0x00000000080027c8       0x70 ./Core/Src/ssd1306_tests.o
                0x00000000080027c8                ssd1306_TestCircle
 .text.ssd1306_TestArc
                0x0000000008002838       0x3c ./Core/Src/ssd1306_tests.o
                0x0000000008002838                ssd1306_TestArc
 .text.ssd1306_TestPolyline
                0x0000000008002874       0x2c ./Core/Src/ssd1306_tests.o
                0x0000000008002874                ssd1306_TestPolyline
 .text.ssd1306_TestDrawBitmap
                0x00000000080028a0       0x80 ./Core/Src/ssd1306_tests.o
                0x00000000080028a0                ssd1306_TestDrawBitmap
 .text.ssd1306_TestAll
                0x0000000008002920       0x9e ./Core/Src/ssd1306_tests.o
                0x0000000008002920                ssd1306_TestAll
 *fill*         0x00000000080029be        0x2 
 .text.HAL_MspInit
                0x00000000080029c0       0x44 ./Core/Src/stm32f1xx_hal_msp.o
                0x00000000080029c0                HAL_MspInit
 .text.HAL_I2C_MspInit
                0x0000000008002a04       0x80 ./Core/Src/stm32f1xx_hal_msp.o
                0x0000000008002a04                HAL_I2C_MspInit
 .text.HAL_TIM_Encoder_MspInit
                0x0000000008002a84      0x164 ./Core/Src/stm32f1xx_hal_msp.o
                0x0000000008002a84                HAL_TIM_Encoder_MspInit
 .text.HAL_TIM_Base_MspInit
                0x0000000008002be8       0x38 ./Core/Src/stm32f1xx_hal_msp.o
                0x0000000008002be8                HAL_TIM_Base_MspInit
 .text.HAL_TIM_MspPostInit
                0x0000000008002c20       0x60 ./Core/Src/stm32f1xx_hal_msp.o
                0x0000000008002c20                HAL_TIM_MspPostInit
 .text.NMI_Handler
                0x0000000008002c80        0x6 ./Core/Src/stm32f1xx_it.o
                0x0000000008002c80                NMI_Handler
 .text.HardFault_Handler
                0x0000000008002c86        0x6 ./Core/Src/stm32f1xx_it.o
                0x0000000008002c86                HardFault_Handler
 .text.MemManage_Handler
                0x0000000008002c8c        0x6 ./Core/Src/stm32f1xx_it.o
                0x0000000008002c8c                MemManage_Handler
 .text.BusFault_Handler
                0x0000000008002c92        0x6 ./Core/Src/stm32f1xx_it.o
                0x0000000008002c92                BusFault_Handler
 .text.UsageFault_Handler
                0x0000000008002c98        0x6 ./Core/Src/stm32f1xx_it.o
                0x0000000008002c98                UsageFault_Handler
 .text.SVC_Handler
                0x0000000008002c9e        0xc ./Core/Src/stm32f1xx_it.o
                0x0000000008002c9e                SVC_Handler
 .text.DebugMon_Handler
                0x0000000008002caa        0xc ./Core/Src/stm32f1xx_it.o
                0x0000000008002caa                DebugMon_Handler
 .text.PendSV_Handler
                0x0000000008002cb6        0xc ./Core/Src/stm32f1xx_it.o
                0x0000000008002cb6                PendSV_Handler
 .text.SysTick_Handler
                0x0000000008002cc2        0xc ./Core/Src/stm32f1xx_it.o
                0x0000000008002cc2                SysTick_Handler
 *fill*         0x0000000008002cce        0x2 
 .text.TIM1_UP_IRQHandler
                0x0000000008002cd0       0x14 ./Core/Src/stm32f1xx_it.o
                0x0000000008002cd0                TIM1_UP_IRQHandler
 .text.TIM3_IRQHandler
                0x0000000008002ce4       0x14 ./Core/Src/stm32f1xx_it.o
                0x0000000008002ce4                TIM3_IRQHandler
 .text.TIM4_IRQHandler
                0x0000000008002cf8       0x14 ./Core/Src/stm32f1xx_it.o
                0x0000000008002cf8                TIM4_IRQHandler
 .text._sbrk    0x0000000008002d0c       0x6c ./Core/Src/sysmem.o
                0x0000000008002d0c                _sbrk
 .text.SystemInit
                0x0000000008002d78        0xc ./Core/Src/system_stm32f1xx.o
                0x0000000008002d78                SystemInit
 .text.Reset_Handler
                0x0000000008002d84       0x48 ./Core/Startup/startup_stm32f103c8tx.o
                0x0000000008002d84                Reset_Handler
 .text.Default_Handler
                0x0000000008002dcc        0x2 ./Core/Startup/startup_stm32f103c8tx.o
                0x0000000008002dcc                RTC_Alarm_IRQHandler
                0x0000000008002dcc                EXTI2_IRQHandler
                0x0000000008002dcc                TIM1_CC_IRQHandler
                0x0000000008002dcc                PVD_IRQHandler
                0x0000000008002dcc                EXTI3_IRQHandler
                0x0000000008002dcc                EXTI0_IRQHandler
                0x0000000008002dcc                I2C2_EV_IRQHandler
                0x0000000008002dcc                ADC1_2_IRQHandler
                0x0000000008002dcc                SPI1_IRQHandler
                0x0000000008002dcc                TAMPER_IRQHandler
                0x0000000008002dcc                DMA1_Channel4_IRQHandler
                0x0000000008002dcc                USART3_IRQHandler
                0x0000000008002dcc                RTC_IRQHandler
                0x0000000008002dcc                DMA1_Channel7_IRQHandler
                0x0000000008002dcc                CAN1_RX1_IRQHandler
                0x0000000008002dcc                I2C1_EV_IRQHandler
                0x0000000008002dcc                DMA1_Channel6_IRQHandler
                0x0000000008002dcc                RCC_IRQHandler
                0x0000000008002dcc                TIM1_TRG_COM_IRQHandler
                0x0000000008002dcc                DMA1_Channel1_IRQHandler
                0x0000000008002dcc                Default_Handler
                0x0000000008002dcc                EXTI15_10_IRQHandler
                0x0000000008002dcc                EXTI9_5_IRQHandler
                0x0000000008002dcc                SPI2_IRQHandler
                0x0000000008002dcc                DMA1_Channel5_IRQHandler
                0x0000000008002dcc                EXTI4_IRQHandler
                0x0000000008002dcc                USB_LP_CAN1_RX0_IRQHandler
                0x0000000008002dcc                USB_HP_CAN1_TX_IRQHandler
                0x0000000008002dcc                DMA1_Channel3_IRQHandler
                0x0000000008002dcc                WWDG_IRQHandler
                0x0000000008002dcc                TIM2_IRQHandler
                0x0000000008002dcc                TIM1_BRK_IRQHandler
                0x0000000008002dcc                EXTI1_IRQHandler
                0x0000000008002dcc                USART2_IRQHandler
                0x0000000008002dcc                I2C2_ER_IRQHandler
                0x0000000008002dcc                DMA1_Channel2_IRQHandler
                0x0000000008002dcc                CAN1_SCE_IRQHandler
                0x0000000008002dcc                FLASH_IRQHandler
                0x0000000008002dcc                USART1_IRQHandler
                0x0000000008002dcc                I2C1_ER_IRQHandler
                0x0000000008002dcc                USBWakeUp_IRQHandler
 *fill*         0x0000000008002dce        0x2 
 .text.HAL_Init
                0x0000000008002dd0       0x2c ./Drivers/STM32F1xx_HAL_Driver/Src/stm32f1xx_hal.o
                0x0000000008002dd0                HAL_Init
 .text.HAL_InitTick
                0x0000000008002dfc       0x60 ./Drivers/STM32F1xx_HAL_Driver/Src/stm32f1xx_hal.o
                0x0000000008002dfc                HAL_InitTick
 .text.HAL_IncTick
                0x0000000008002e5c       0x24 ./Drivers/STM32F1xx_HAL_Driver/Src/stm32f1xx_hal.o
                0x0000000008002e5c                HAL_IncTick
 .text.HAL_GetTick
                0x0000000008002e80       0x14 ./Drivers/STM32F1xx_HAL_Driver/Src/stm32f1xx_hal.o
                0x0000000008002e80                HAL_GetTick
 .text.HAL_Delay
                0x0000000008002e94       0x48 ./Drivers/STM32F1xx_HAL_Driver/Src/stm32f1xx_hal.o
                0x0000000008002e94                HAL_Delay
 .text.__NVIC_SetPriorityGrouping
                0x0000000008002edc       0x48 ./Drivers/STM32F1xx_HAL_Driver/Src/stm32f1xx_hal_cortex.o
 .text.__NVIC_GetPriorityGrouping
                0x0000000008002f24       0x1c ./Drivers/STM32F1xx_HAL_Driver/Src/stm32f1xx_hal_cortex.o
 .text.__NVIC_EnableIRQ
                0x0000000008002f40       0x38 ./Drivers/STM32F1xx_HAL_Driver/Src/stm32f1xx_hal_cortex.o
 .text.__NVIC_SetPriority
                0x0000000008002f78       0x54 ./Drivers/STM32F1xx_HAL_Driver/Src/stm32f1xx_hal_cortex.o
 .text.NVIC_EncodePriority
                0x0000000008002fcc       0x64 ./Drivers/STM32F1xx_HAL_Driver/Src/stm32f1xx_hal_cortex.o
 .text.SysTick_Config
                0x0000000008003030       0x44 ./Drivers/STM32F1xx_HAL_Driver/Src/stm32f1xx_hal_cortex.o
 .text.HAL_NVIC_SetPriorityGrouping
                0x0000000008003074       0x16 ./Drivers/STM32F1xx_HAL_Driver/Src/stm32f1xx_hal_cortex.o
                0x0000000008003074                HAL_NVIC_SetPriorityGrouping
 .text.HAL_NVIC_SetPriority
                0x000000000800308a       0x38 ./Drivers/STM32F1xx_HAL_Driver/Src/stm32f1xx_hal_cortex.o
                0x000000000800308a                HAL_NVIC_SetPriority
 .text.HAL_NVIC_EnableIRQ
                0x00000000080030c2       0x1c ./Drivers/STM32F1xx_HAL_Driver/Src/stm32f1xx_hal_cortex.o
                0x00000000080030c2                HAL_NVIC_EnableIRQ
 .text.HAL_SYSTICK_Config
                0x00000000080030de       0x18 ./Drivers/STM32F1xx_HAL_Driver/Src/stm32f1xx_hal_cortex.o
                0x00000000080030de                HAL_SYSTICK_Config
 *fill*         0x00000000080030f6        0x2 
 .text.HAL_GPIO_Init
                0x00000000080030f8      0x308 ./Drivers/STM32F1xx_HAL_Driver/Src/stm32f1xx_hal_gpio.o
                0x00000000080030f8                HAL_GPIO_Init
 .text.HAL_GPIO_WritePin
                0x0000000008003400       0x30 ./Drivers/STM32F1xx_HAL_Driver/Src/stm32f1xx_hal_gpio.o
                0x0000000008003400                HAL_GPIO_WritePin
 .text.HAL_GPIO_TogglePin
                0x0000000008003430       0x32 ./Drivers/STM32F1xx_HAL_Driver/Src/stm32f1xx_hal_gpio.o
                0x0000000008003430                HAL_GPIO_TogglePin
 *fill*         0x0000000008003462        0x2 
 .text.HAL_I2C_Init
                0x0000000008003464      0x288 ./Drivers/STM32F1xx_HAL_Driver/Src/stm32f1xx_hal_i2c.o
                0x0000000008003464                HAL_I2C_Init
 .text.HAL_I2C_Mem_Write
                0x00000000080036ec      0x1f4 ./Drivers/STM32F1xx_HAL_Driver/Src/stm32f1xx_hal_i2c.o
                0x00000000080036ec                HAL_I2C_Mem_Write
 .text.I2C_RequestMemoryWrite
                0x00000000080038e0      0x12c ./Drivers/STM32F1xx_HAL_Driver/Src/stm32f1xx_hal_i2c.o
 .text.I2C_WaitOnFlagUntilTimeout
                0x0000000008003a0c       0xf4 ./Drivers/STM32F1xx_HAL_Driver/Src/stm32f1xx_hal_i2c.o
 .text.I2C_WaitOnMasterAddressFlagUntilTimeout
                0x0000000008003b00      0x140 ./Drivers/STM32F1xx_HAL_Driver/Src/stm32f1xx_hal_i2c.o
 .text.I2C_WaitOnTXEFlagUntilTimeout
                0x0000000008003c40       0x90 ./Drivers/STM32F1xx_HAL_Driver/Src/stm32f1xx_hal_i2c.o
 .text.I2C_WaitOnBTFFlagUntilTimeout
                0x0000000008003cd0       0x90 ./Drivers/STM32F1xx_HAL_Driver/Src/stm32f1xx_hal_i2c.o
 .text.I2C_IsAcknowledgeFailed
                0x0000000008003d60       0x5c ./Drivers/STM32F1xx_HAL_Driver/Src/stm32f1xx_hal_i2c.o
 .text.HAL_RCC_OscConfig
                0x0000000008003dbc      0x504 ./Drivers/STM32F1xx_HAL_Driver/Src/stm32f1xx_hal_rcc.o
                0x0000000008003dbc                HAL_RCC_OscConfig
 .text.HAL_RCC_ClockConfig
                0x00000000080042c0      0x1d4 ./Drivers/STM32F1xx_HAL_Driver/Src/stm32f1xx_hal_rcc.o
                0x00000000080042c0                HAL_RCC_ClockConfig
 .text.HAL_RCC_GetSysClockFreq
                0x0000000008004494       0xa8 ./Drivers/STM32F1xx_HAL_Driver/Src/stm32f1xx_hal_rcc.o
                0x0000000008004494                HAL_RCC_GetSysClockFreq
 .text.HAL_RCC_GetHCLKFreq
                0x000000000800453c       0x14 ./Drivers/STM32F1xx_HAL_Driver/Src/stm32f1xx_hal_rcc.o
                0x000000000800453c                HAL_RCC_GetHCLKFreq
 .text.HAL_RCC_GetPCLK1Freq
                0x0000000008004550       0x28 ./Drivers/STM32F1xx_HAL_Driver/Src/stm32f1xx_hal_rcc.o
                0x0000000008004550                HAL_RCC_GetPCLK1Freq
 .text.RCC_Delay
                0x0000000008004578       0x3c ./Drivers/STM32F1xx_HAL_Driver/Src/stm32f1xx_hal_rcc.o
 .text.HAL_TIM_Base_Init
                0x00000000080045b4       0x9e ./Drivers/STM32F1xx_HAL_Driver/Src/stm32f1xx_hal_tim.o
                0x00000000080045b4                HAL_TIM_Base_Init
 .text.HAL_TIM_PWM_Init
                0x0000000008004652       0x9e ./Drivers/STM32F1xx_HAL_Driver/Src/stm32f1xx_hal_tim.o
                0x0000000008004652                HAL_TIM_PWM_Init
 .text.HAL_TIM_PWM_MspInit
                0x00000000080046f0       0x12 ./Drivers/STM32F1xx_HAL_Driver/Src/stm32f1xx_hal_tim.o
                0x00000000080046f0                HAL_TIM_PWM_MspInit
 .text.HAL_TIM_Encoder_Init
                0x0000000008004702      0x144 ./Drivers/STM32F1xx_HAL_Driver/Src/stm32f1xx_hal_tim.o
                0x0000000008004702                HAL_TIM_Encoder_Init
 .text.HAL_TIM_IRQHandler
                0x0000000008004846      0x210 ./Drivers/STM32F1xx_HAL_Driver/Src/stm32f1xx_hal_tim.o
                0x0000000008004846                HAL_TIM_IRQHandler
 *fill*         0x0000000008004a56        0x2 
 .text.HAL_TIM_PWM_ConfigChannel
                0x0000000008004a58      0x184 ./Drivers/STM32F1xx_HAL_Driver/Src/stm32f1xx_hal_tim.o
                0x0000000008004a58                HAL_TIM_PWM_ConfigChannel
 .text.HAL_TIM_ConfigClockSource
                0x0000000008004bdc      0x18e ./Drivers/STM32F1xx_HAL_Driver/Src/stm32f1xx_hal_tim.o
                0x0000000008004bdc                HAL_TIM_ConfigClockSource
 .text.HAL_TIM_PeriodElapsedCallback
                0x0000000008004d6a       0x12 ./Drivers/STM32F1xx_HAL_Driver/Src/stm32f1xx_hal_tim.o
                0x0000000008004d6a                HAL_TIM_PeriodElapsedCallback
 .text.HAL_TIM_OC_DelayElapsedCallback
                0x0000000008004d7c       0x12 ./Drivers/STM32F1xx_HAL_Driver/Src/stm32f1xx_hal_tim.o
                0x0000000008004d7c                HAL_TIM_OC_DelayElapsedCallback
 .text.HAL_TIM_IC_CaptureCallback
                0x0000000008004d8e       0x12 ./Drivers/STM32F1xx_HAL_Driver/Src/stm32f1xx_hal_tim.o
                0x0000000008004d8e                HAL_TIM_IC_CaptureCallback
 .text.HAL_TIM_PWM_PulseFinishedCallback
                0x0000000008004da0       0x12 ./Drivers/STM32F1xx_HAL_Driver/Src/stm32f1xx_hal_tim.o
                0x0000000008004da0                HAL_TIM_PWM_PulseFinishedCallback
 .text.HAL_TIM_TriggerCallback
                0x0000000008004db2       0x12 ./Drivers/STM32F1xx_HAL_Driver/Src/stm32f1xx_hal_tim.o
                0x0000000008004db2                HAL_TIM_TriggerCallback
 .text.TIM_Base_SetConfig
                0x0000000008004dc4       0xc4 ./Drivers/STM32F1xx_HAL_Driver/Src/stm32f1xx_hal_tim.o
                0x0000000008004dc4                TIM_Base_SetConfig
 .text.TIM_OC1_SetConfig
                0x0000000008004e88       0xcc ./Drivers/STM32F1xx_HAL_Driver/Src/stm32f1xx_hal_tim.o
 .text.TIM_OC2_SetConfig
                0x0000000008004f54       0xd4 ./Drivers/STM32F1xx_HAL_Driver/Src/stm32f1xx_hal_tim.o
                0x0000000008004f54                TIM_OC2_SetConfig
 .text.TIM_OC3_SetConfig
                0x0000000008005028       0xd4 ./Drivers/STM32F1xx_HAL_Driver/Src/stm32f1xx_hal_tim.o
 .text.TIM_OC4_SetConfig
                0x00000000080050fc       0x9c ./Drivers/STM32F1xx_HAL_Driver/Src/stm32f1xx_hal_tim.o
 .text.TIM_TI1_ConfigInputStage
                0x0000000008005198       0x5c ./Drivers/STM32F1xx_HAL_Driver/Src/stm32f1xx_hal_tim.o
 .text.TIM_TI2_ConfigInputStage
                0x00000000080051f4       0x5e ./Drivers/STM32F1xx_HAL_Driver/Src/stm32f1xx_hal_tim.o
 .text.TIM_ITRx_SetConfig
                0x0000000008005252       0x34 ./Drivers/STM32F1xx_HAL_Driver/Src/stm32f1xx_hal_tim.o
 .text.TIM_ETR_SetConfig
                0x0000000008005286       0x3e ./Drivers/STM32F1xx_HAL_Driver/Src/stm32f1xx_hal_tim.o
                0x0000000008005286                TIM_ETR_SetConfig
 .text.HAL_TIMEx_MasterConfigSynchronization
                0x00000000080052c4       0xbc ./Drivers/STM32F1xx_HAL_Driver/Src/stm32f1xx_hal_tim_ex.o
                0x00000000080052c4                HAL_TIMEx_MasterConfigSynchronization
 .text.HAL_TIMEx_CommutCallback
                0x0000000008005380       0x12 ./Drivers/STM32F1xx_HAL_Driver/Src/stm32f1xx_hal_tim_ex.o
                0x0000000008005380                HAL_TIMEx_CommutCallback
 .text.HAL_TIMEx_BreakCallback
                0x0000000008005392       0x12 ./Drivers/STM32F1xx_HAL_Driver/Src/stm32f1xx_hal_tim_ex.o
                0x0000000008005392                HAL_TIMEx_BreakCallback
 .text.__errno  0x00000000080053a4        0xc /opt/st/stm32cubeide_1.11.2/plugins/com.st.stm32cube.ide.mcu.externaltools.gnu-tools-for-stm32.10.3-2021.10.linux64_1.0.100.202210260954/tools/bin/../lib/gcc/arm-none-eabi/10.3.1/../../../../arm-none-eabi/lib/thumb/v7-m/nofp/libc_nano.a(lib_a-errno.o)
                0x00000000080053a4                __errno
 .text.__libc_init_array
                0x00000000080053b0       0x48 /opt/st/stm32cubeide_1.11.2/plugins/com.st.stm32cube.ide.mcu.externaltools.gnu-tools-for-stm32.10.3-2021.10.linux64_1.0.100.202210260954/tools/bin/../lib/gcc/arm-none-eabi/10.3.1/../../../../arm-none-eabi/lib/thumb/v7-m/nofp/libc_nano.a(lib_a-init.o)
                0x00000000080053b0                __libc_init_array
 .text.memcpy   0x00000000080053f8       0x1c /opt/st/stm32cubeide_1.11.2/plugins/com.st.stm32cube.ide.mcu.externaltools.gnu-tools-for-stm32.10.3-2021.10.linux64_1.0.100.202210260954/tools/bin/../lib/gcc/arm-none-eabi/10.3.1/../../../../arm-none-eabi/lib/thumb/v7-m/nofp/libc_nano.a(lib_a-memcpy-stub.o)
                0x00000000080053f8                memcpy
 .text.memmove  0x0000000008005414       0x34 /opt/st/stm32cubeide_1.11.2/plugins/com.st.stm32cube.ide.mcu.externaltools.gnu-tools-for-stm32.10.3-2021.10.linux64_1.0.100.202210260954/tools/bin/../lib/gcc/arm-none-eabi/10.3.1/../../../../arm-none-eabi/lib/thumb/v7-m/nofp/libc_nano.a(lib_a-memmove.o)
                0x0000000008005414                memmove
 .text.memset   0x0000000008005448       0x10 /opt/st/stm32cubeide_1.11.2/plugins/com.st.stm32cube.ide.mcu.externaltools.gnu-tools-for-stm32.10.3-2021.10.linux64_1.0.100.202210260954/tools/bin/../lib/gcc/arm-none-eabi/10.3.1/../../../../arm-none-eabi/lib/thumb/v7-m/nofp/libc_nano.a(lib_a-memset.o)
                0x0000000008005448                memset
 .text.snprintf
                0x0000000008005458       0x68 /opt/st/stm32cubeide_1.11.2/plugins/com.st.stm32cube.ide.mcu.externaltools.gnu-tools-for-stm32.10.3-2021.10.linux64_1.0.100.202210260954/tools/bin/../lib/gcc/arm-none-eabi/10.3.1/../../../../arm-none-eabi/lib/thumb/v7-m/nofp/libc_nano.a(lib_a-snprintf.o)
                0x0000000008005458                snprintf
                0x0000000008005458                sniprintf
 .text.__ssputs_r
                0x00000000080054c0       0xb6 /opt/st/stm32cubeide_1.11.2/plugins/com.st.stm32cube.ide.mcu.externaltools.gnu-tools-for-stm32.10.3-2021.10.linux64_1.0.100.202210260954/tools/bin/../lib/gcc/arm-none-eabi/10.3.1/../../../../arm-none-eabi/lib/thumb/v7-m/nofp/libc_nano.a(lib_a-nano-svfprintf.o)
                0x00000000080054c0                __ssputs_r
 *fill*         0x0000000008005576        0x2 
 .text._svfprintf_r
                0x0000000008005578      0x200 /opt/st/stm32cubeide_1.11.2/plugins/com.st.stm32cube.ide.mcu.externaltools.gnu-tools-for-stm32.10.3-2021.10.linux64_1.0.100.202210260954/tools/bin/../lib/gcc/arm-none-eabi/10.3.1/../../../../arm-none-eabi/lib/thumb/v7-m/nofp/libc_nano.a(lib_a-nano-svfprintf.o)
                0x0000000008005578                _svfprintf_r
                0x0000000008005578                _svfiprintf_r
 .text._printf_common
                0x0000000008005778       0xde /opt/st/stm32cubeide_1.11.2/plugins/com.st.stm32cube.ide.mcu.externaltools.gnu-tools-for-stm32.10.3-2021.10.linux64_1.0.100.202210260954/tools/bin/../lib/gcc/arm-none-eabi/10.3.1/../../../../arm-none-eabi/lib/thumb/v7-m/nofp/libc_nano.a(lib_a-nano-vfprintf_i.o)
                0x0000000008005778                _printf_common
 *fill*         0x0000000008005856        0x2 
 .text._printf_i
                0x0000000008005858      0x24c /opt/st/stm32cubeide_1.11.2/plugins/com.st.stm32cube.ide.mcu.externaltools.gnu-tools-for-stm32.10.3-2021.10.linux64_1.0.100.202210260954/tools/bin/../lib/gcc/arm-none-eabi/10.3.1/../../../../arm-none-eabi/lib/thumb/v7-m/nofp/libc_nano.a(lib_a-nano-vfprintf_i.o)
                0x0000000008005858                _printf_i
 .text.memchr   0x0000000008005aa4       0x1c /opt/st/stm32cubeide_1.11.2/plugins/com.st.stm32cube.ide.mcu.externaltools.gnu-tools-for-stm32.10.3-2021.10.linux64_1.0.100.202210260954/tools/bin/../lib/gcc/arm-none-eabi/10.3.1/../../../../arm-none-eabi/lib/thumb/v7-m/nofp/libc_nano.a(lib_a-memchr-stub.o)
                0x0000000008005aa4                memchr
 .text._free_r  0x0000000008005ac0       0x90 /opt/st/stm32cubeide_1.11.2/plugins/com.st.stm32cube.ide.mcu.externaltools.gnu-tools-for-stm32.10.3-2021.10.linux64_1.0.100.202210260954/tools/bin/../lib/gcc/arm-none-eabi/10.3.1/../../../../arm-none-eabi/lib/thumb/v7-m/nofp/libc_nano.a(lib_a-nano-freer.o)
                0x0000000008005ac0                _free_r
 .text.sbrk_aligned
                0x0000000008005b50       0x40 /opt/st/stm32cubeide_1.11.2/plugins/com.st.stm32cube.ide.mcu.externaltools.gnu-tools-for-stm32.10.3-2021.10.linux64_1.0.100.202210260954/tools/bin/../lib/gcc/arm-none-eabi/10.3.1/../../../../arm-none-eabi/lib/thumb/v7-m/nofp/libc_nano.a(lib_a-nano-mallocr.o)
 .text._malloc_r
                0x0000000008005b90       0xe8 /opt/st/stm32cubeide_1.11.2/plugins/com.st.stm32cube.ide.mcu.externaltools.gnu-tools-for-stm32.10.3-2021.10.linux64_1.0.100.202210260954/tools/bin/../lib/gcc/arm-none-eabi/10.3.1/../../../../arm-none-eabi/lib/thumb/v7-m/nofp/libc_nano.a(lib_a-nano-mallocr.o)
                0x0000000008005b90                _malloc_r
 .text._realloc_r
                0x0000000008005c78       0x5e /opt/st/stm32cubeide_1.11.2/plugins/com.st.stm32cube.ide.mcu.externaltools.gnu-tools-for-stm32.10.3-2021.10.linux64_1.0.100.202210260954/tools/bin/../lib/gcc/arm-none-eabi/10.3.1/../../../../arm-none-eabi/lib/thumb/v7-m/nofp/libc_nano.a(lib_a-nano-reallocr.o)
                0x0000000008005c78                _realloc_r
 *fill*         0x0000000008005cd6        0x2 
 .text._sbrk_r  0x0000000008005cd8       0x20 /opt/st/stm32cubeide_1.11.2/plugins/com.st.stm32cube.ide.mcu.externaltools.gnu-tools-for-stm32.10.3-2021.10.linux64_1.0.100.202210260954/tools/bin/../lib/gcc/arm-none-eabi/10.3.1/../../../../arm-none-eabi/lib/thumb/v7-m/nofp/libc_nano.a(lib_a-sbrkr.o)
                0x0000000008005cd8                _sbrk_r
 .text.__malloc_lock
                0x0000000008005cf8        0xc /opt/st/stm32cubeide_1.11.2/plugins/com.st.stm32cube.ide.mcu.externaltools.gnu-tools-for-stm32.10.3-2021.10.linux64_1.0.100.202210260954/tools/bin/../lib/gcc/arm-none-eabi/10.3.1/../../../../arm-none-eabi/lib/thumb/v7-m/nofp/libc_nano.a(lib_a-mlock.o)
                0x0000000008005cf8                __malloc_lock
 .text.__malloc_unlock
                0x0000000008005d04        0xc /opt/st/stm32cubeide_1.11.2/plugins/com.st.stm32cube.ide.mcu.externaltools.gnu-tools-for-stm32.10.3-2021.10.linux64_1.0.100.202210260954/tools/bin/../lib/gcc/arm-none-eabi/10.3.1/../../../../arm-none-eabi/lib/thumb/v7-m/nofp/libc_nano.a(lib_a-mlock.o)
                0x0000000008005d04                __malloc_unlock
 .text._malloc_usable_size_r
                0x0000000008005d10       0x10 /opt/st/stm32cubeide_1.11.2/plugins/com.st.stm32cube.ide.mcu.externaltools.gnu-tools-for-stm32.10.3-2021.10.linux64_1.0.100.202210260954/tools/bin/../lib/gcc/arm-none-eabi/10.3.1/../../../../arm-none-eabi/lib/thumb/v7-m/nofp/libc_nano.a(lib_a-nano-msizer.o)
                0x0000000008005d10                _malloc_usable_size_r
 .text.__retarget_lock_acquire_recursive
                0x0000000008005d20        0x2 /opt/st/stm32cubeide_1.11.2/plugins/com.st.stm32cube.ide.mcu.externaltools.gnu-tools-for-stm32.10.3-2021.10.linux64_1.0.100.202210260954/tools/bin/../lib/gcc/arm-none-eabi/10.3.1/../../../../arm-none-eabi/lib/thumb/v7-m/nofp/libc_nano.a(lib_a-lock.o)
                0x0000000008005d20                __retarget_lock_acquire_recursive
 .text.__retarget_lock_release_recursive
                0x0000000008005d22        0x2 /opt/st/stm32cubeide_1.11.2/plugins/com.st.stm32cube.ide.mcu.externaltools.gnu-tools-for-stm32.10.3-2021.10.linux64_1.0.100.202210260954/tools/bin/../lib/gcc/arm-none-eabi/10.3.1/../../../../arm-none-eabi/lib/thumb/v7-m/nofp/libc_nano.a(lib_a-lock.o)
                0x0000000008005d22                __retarget_lock_release_recursive
 .text.cos      0x0000000008005d24       0x8c /opt/st/stm32cubeide_1.11.2/plugins/com.st.stm32cube.ide.mcu.externaltools.gnu-tools-for-stm32.10.3-2021.10.linux64_1.0.100.202210260954/tools/bin/../lib/gcc/arm-none-eabi/10.3.1/../../../../arm-none-eabi/lib/thumb/v7-m/nofp/libm.a(lib_a-s_cos.o)
                0x0000000008005d24                cos
 .text.sin      0x0000000008005db0       0x8c /opt/st/stm32cubeide_1.11.2/plugins/com.st.stm32cube.ide.mcu.externaltools.gnu-tools-for-stm32.10.3-2021.10.linux64_1.0.100.202210260954/tools/bin/../lib/gcc/arm-none-eabi/10.3.1/../../../../arm-none-eabi/lib/thumb/v7-m/nofp/libm.a(lib_a-s_sin.o)
                0x0000000008005db0                sin
 *fill*         0x0000000008005e3c        0x4 
 .text.__ieee754_rem_pio2
                0x0000000008005e40      0x3f0 /opt/st/stm32cubeide_1.11.2/plugins/com.st.stm32cube.ide.mcu.externaltools.gnu-tools-for-stm32.10.3-2021.10.linux64_1.0.100.202210260954/tools/bin/../lib/gcc/arm-none-eabi/10.3.1/../../../../arm-none-eabi/lib/thumb/v7-m/nofp/libm.a(lib_a-e_rem_pio2.o)
                0x0000000008005e40                __ieee754_rem_pio2
 .text.__kernel_cos
                0x0000000008006230      0x17c /opt/st/stm32cubeide_1.11.2/plugins/com.st.stm32cube.ide.mcu.externaltools.gnu-tools-for-stm32.10.3-2021.10.linux64_1.0.100.202210260954/tools/bin/../lib/gcc/arm-none-eabi/10.3.1/../../../../arm-none-eabi/lib/thumb/v7-m/nofp/libm.a(lib_a-k_cos.o)
                0x0000000008006230                __kernel_cos
 .text.__kernel_rem_pio2
                0x00000000080063ac      0x684 /opt/st/stm32cubeide_1.11.2/plugins/com.st.stm32cube.ide.mcu.externaltools.gnu-tools-for-stm32.10.3-2021.10.linux64_1.0.100.202210260954/tools/bin/../lib/gcc/arm-none-eabi/10.3.1/../../../../arm-none-eabi/lib/thumb/v7-m/nofp/libm.a(lib_a-k_rem_pio2.o)
                0x00000000080063ac                __kernel_rem_pio2
 .text.__kernel_sin
                0x0000000008006a30      0x16c /opt/st/stm32cubeide_1.11.2/plugins/com.st.stm32cube.ide.mcu.externaltools.gnu-tools-for-stm32.10.3-2021.10.linux64_1.0.100.202210260954/tools/bin/../lib/gcc/arm-none-eabi/10.3.1/../../../../arm-none-eabi/lib/thumb/v7-m/nofp/libm.a(lib_a-k_sin.o)
                0x0000000008006a30                __kernel_sin
 .text.fabs     0x0000000008006b9c        0x6 /opt/st/stm32cubeide_1.11.2/plugins/com.st.stm32cube.ide.mcu.externaltools.gnu-tools-for-stm32.10.3-2021.10.linux64_1.0.100.202210260954/tools/bin/../lib/gcc/arm-none-eabi/10.3.1/../../../../arm-none-eabi/lib/thumb/v7-m/nofp/libm.a(lib_a-s_fabs.o)
                0x0000000008006b9c                fabs
 *fill*         0x0000000008006ba2        0x6 
 .text.floor    0x0000000008006ba8      0x100 /opt/st/stm32cubeide_1.11.2/plugins/com.st.stm32cube.ide.mcu.externaltools.gnu-tools-for-stm32.10.3-2021.10.linux64_1.0.100.202210260954/tools/bin/../lib/gcc/arm-none-eabi/10.3.1/../../../../arm-none-eabi/lib/thumb/v7-m/nofp/libm.a(lib_a-s_floor.o)
                0x0000000008006ba8                floor
 .text.scalbn   0x0000000008006ca8       0xfc /opt/st/stm32cubeide_1.11.2/plugins/com.st.stm32cube.ide.mcu.externaltools.gnu-tools-for-stm32.10.3-2021.10.linux64_1.0.100.202210260954/tools/bin/../lib/gcc/arm-none-eabi/10.3.1/../../../../arm-none-eabi/lib/thumb/v7-m/nofp/libm.a(lib_a-s_scalbn.o)
                0x0000000008006ca8                scalbn
 *(.glue_7)
 .glue_7        0x0000000008006da4        0x0 linker stubs
 *(.glue_7t)
 .glue_7t       0x0000000008006da4        0x0 linker stubs
 *(.eh_frame)
 .eh_frame      0x0000000008006da4        0x0 /opt/st/stm32cubeide_1.11.2/plugins/com.st.stm32cube.ide.mcu.externaltools.gnu-tools-for-stm32.10.3-2021.10.linux64_1.0.100.202210260954/tools/bin/../lib/gcc/arm-none-eabi/10.3.1/thumb/v7-m/nofp/crtbegin.o
 *(.init)
 .init          0x0000000008006da4        0x4 /opt/st/stm32cubeide_1.11.2/plugins/com.st.stm32cube.ide.mcu.externaltools.gnu-tools-for-stm32.10.3-2021.10.linux64_1.0.100.202210260954/tools/bin/../lib/gcc/arm-none-eabi/10.3.1/thumb/v7-m/nofp/crti.o
                0x0000000008006da4                _init
 .init          0x0000000008006da8        0x8 /opt/st/stm32cubeide_1.11.2/plugins/com.st.stm32cube.ide.mcu.externaltools.gnu-tools-for-stm32.10.3-2021.10.linux64_1.0.100.202210260954/tools/bin/../lib/gcc/arm-none-eabi/10.3.1/thumb/v7-m/nofp/crtn.o
 *(.fini)
 .fini          0x0000000008006db0        0x4 /opt/st/stm32cubeide_1.11.2/plugins/com.st.stm32cube.ide.mcu.externaltools.gnu-tools-for-stm32.10.3-2021.10.linux64_1.0.100.202210260954/tools/bin/../lib/gcc/arm-none-eabi/10.3.1/thumb/v7-m/nofp/crti.o
                0x0000000008006db0                _fini
 .fini          0x0000000008006db4        0x8 /opt/st/stm32cubeide_1.11.2/plugins/com.st.stm32cube.ide.mcu.externaltools.gnu-tools-for-stm32.10.3-2021.10.linux64_1.0.100.202210260954/tools/bin/../lib/gcc/arm-none-eabi/10.3.1/thumb/v7-m/nofp/crtn.o
                0x0000000008006dbc                . = ALIGN (0x4)
                0x0000000008006dbc                _etext = .

.vfp11_veneer   0x0000000008006dbc        0x0
 .vfp11_veneer  0x0000000008006dbc        0x0 linker stubs

.v4_bx          0x0000000008006dbc        0x0
 .v4_bx         0x0000000008006dbc        0x0 linker stubs

.iplt           0x0000000008006dbc        0x0
 .iplt          0x0000000008006dbc        0x0 /opt/st/stm32cubeide_1.11.2/plugins/com.st.stm32cube.ide.mcu.externaltools.gnu-tools-for-stm32.10.3-2021.10.linux64_1.0.100.202210260954/tools/bin/../lib/gcc/arm-none-eabi/10.3.1/thumb/v7-m/nofp/crtbegin.o

.rodata         0x0000000008006dc0     0x4898
                0x0000000008006dc0                . = ALIGN (0x4)
 *(.rodata)
 .rodata        0x0000000008006dc0       0x82 ./Core/Src/ssd1306_tests.o
 *(.rodata*)
 *fill*         0x0000000008006e42        0x2 
 .rodata.Font7x10
                0x0000000008006e44      0x76c ./Core/Src/fonts.o
 .rodata.Font11x18
                0x00000000080075b0      0xd5c ./Core/Src/fonts.o
 .rodata.Font16x26
                0x000000000800830c     0x134c ./Core/Src/fonts.o
 .rodata.Font6x8
                0x0000000008009658      0x5f0 ./Core/Src/fonts.o
 .rodata.Font16x24
                0x0000000008009c48     0x11d0 ./Core/Src/fonts.o
 .rodata.CIRCLE_APPROXIMATION_SEGMENTS.1
                0x000000000800ae18        0x1 ./Core/Src/ssd1306.o
 .rodata.CIRCLE_APPROXIMATION_SEGMENTS.0
                0x000000000800ae19        0x1 ./Core/Src/ssd1306.o
 *fill*         0x000000000800ae1a        0x2 
 .rodata.garfield_128x64
                0x000000000800ae1c      0x400 ./Core/Src/ssd1306_tests.o
                0x000000000800ae1c                garfield_128x64
 .rodata.github_logo_64x64
                0x000000000800b21c      0x200 ./Core/Src/ssd1306_tests.o
                0x000000000800b21c                github_logo_64x64
 .rodata.AHBPrescTable
                0x000000000800b41c       0x10 ./Core/Src/system_stm32f1xx.o
                0x000000000800b41c                AHBPrescTable
 .rodata.APBPrescTable
                0x000000000800b42c        0x8 ./Core/Src/system_stm32f1xx.o
                0x000000000800b42c                APBPrescTable
 .rodata.aPLLMULFactorTable.1
                0x000000000800b434       0x10 ./Drivers/STM32F1xx_HAL_Driver/Src/stm32f1xx_hal_rcc.o
 .rodata.aPredivFactorTable.0
                0x000000000800b444        0x2 ./Drivers/STM32F1xx_HAL_Driver/Src/stm32f1xx_hal_rcc.o
 .rodata._svfprintf_r.str1.1
                0x000000000800b446       0x11 /opt/st/stm32cubeide_1.11.2/plugins/com.st.stm32cube.ide.mcu.externaltools.gnu-tools-for-stm32.10.3-2021.10.linux64_1.0.100.202210260954/tools/bin/../lib/gcc/arm-none-eabi/10.3.1/../../../../arm-none-eabi/lib/thumb/v7-m/nofp/libc_nano.a(lib_a-nano-svfprintf.o)
 .rodata._printf_i.str1.1
                0x000000000800b457       0x22 /opt/st/stm32cubeide_1.11.2/plugins/com.st.stm32cube.ide.mcu.externaltools.gnu-tools-for-stm32.10.3-2021.10.linux64_1.0.100.202210260954/tools/bin/../lib/gcc/arm-none-eabi/10.3.1/../../../../arm-none-eabi/lib/thumb/v7-m/nofp/libc_nano.a(lib_a-nano-vfprintf_i.o)
 *fill*         0x000000000800b479        0x3 
 .rodata.npio2_hw
                0x000000000800b47c       0x80 /opt/st/stm32cubeide_1.11.2/plugins/com.st.stm32cube.ide.mcu.externaltools.gnu-tools-for-stm32.10.3-2021.10.linux64_1.0.100.202210260954/tools/bin/../lib/gcc/arm-none-eabi/10.3.1/../../../../arm-none-eabi/lib/thumb/v7-m/nofp/libm.a(lib_a-e_rem_pio2.o)
 .rodata.two_over_pi
                0x000000000800b4fc      0x108 /opt/st/stm32cubeide_1.11.2/plugins/com.st.stm32cube.ide.mcu.externaltools.gnu-tools-for-stm32.10.3-2021.10.linux64_1.0.100.202210260954/tools/bin/../lib/gcc/arm-none-eabi/10.3.1/../../../../arm-none-eabi/lib/thumb/v7-m/nofp/libm.a(lib_a-e_rem_pio2.o)
 *fill*         0x000000000800b604        0x4 
 .rodata.PIo2   0x000000000800b608       0x40 /opt/st/stm32cubeide_1.11.2/plugins/com.st.stm32cube.ide.mcu.externaltools.gnu-tools-for-stm32.10.3-2021.10.linux64_1.0.100.202210260954/tools/bin/../lib/gcc/arm-none-eabi/10.3.1/../../../../arm-none-eabi/lib/thumb/v7-m/nofp/libm.a(lib_a-k_rem_pio2.o)
 .rodata.init_jk
                0x000000000800b648       0x10 /opt/st/stm32cubeide_1.11.2/plugins/com.st.stm32cube.ide.mcu.externaltools.gnu-tools-for-stm32.10.3-2021.10.linux64_1.0.100.202210260954/tools/bin/../lib/gcc/arm-none-eabi/10.3.1/../../../../arm-none-eabi/lib/thumb/v7-m/nofp/libm.a(lib_a-k_rem_pio2.o)
                0x000000000800b658                . = ALIGN (0x4)

.rel.dyn        0x000000000800b658        0x0
 .rel.iplt      0x000000000800b658        0x0 /opt/st/stm32cubeide_1.11.2/plugins/com.st.stm32cube.ide.mcu.externaltools.gnu-tools-for-stm32.10.3-2021.10.linux64_1.0.100.202210260954/tools/bin/../lib/gcc/arm-none-eabi/10.3.1/thumb/v7-m/nofp/crtbegin.o

.ARM.extab      0x000000000800b658        0x0
                0x000000000800b658                . = ALIGN (0x4)
 *(.ARM.extab* .gnu.linkonce.armextab.*)
                0x000000000800b658                . = ALIGN (0x4)

.ARM            0x000000000800b658        0x0
                0x000000000800b658                . = ALIGN (0x4)
                0x000000000800b658                __exidx_start = .
 *(.ARM.exidx*)
                0x000000000800b658                __exidx_end = .
                0x000000000800b658                . = ALIGN (0x4)

.preinit_array  0x000000000800b658        0x0
                0x000000000800b658                . = ALIGN (0x4)
                0x000000000800b658                PROVIDE (__preinit_array_start = .)
 *(.preinit_array*)
                0x000000000800b658                PROVIDE (__preinit_array_end = .)
                0x000000000800b658                . = ALIGN (0x4)

.init_array     0x000000000800b658        0x4
                0x000000000800b658                . = ALIGN (0x4)
                0x000000000800b658                PROVIDE (__init_array_start = .)
 *(SORT_BY_NAME(.init_array.*))
 *(.init_array*)
 .init_array    0x000000000800b658        0x4 /opt/st/stm32cubeide_1.11.2/plugins/com.st.stm32cube.ide.mcu.externaltools.gnu-tools-for-stm32.10.3-2021.10.linux64_1.0.100.202210260954/tools/bin/../lib/gcc/arm-none-eabi/10.3.1/thumb/v7-m/nofp/crtbegin.o
                0x000000000800b65c                PROVIDE (__init_array_end = .)
                0x000000000800b65c                . = ALIGN (0x4)

.fini_array     0x000000000800b65c        0x4
                0x000000000800b65c                . = ALIGN (0x4)
                [!provide]                        PROVIDE (__fini_array_start = .)
 *(SORT_BY_NAME(.fini_array.*))
 *(.fini_array*)
 .fini_array    0x000000000800b65c        0x4 /opt/st/stm32cubeide_1.11.2/plugins/com.st.stm32cube.ide.mcu.externaltools.gnu-tools-for-stm32.10.3-2021.10.linux64_1.0.100.202210260954/tools/bin/../lib/gcc/arm-none-eabi/10.3.1/thumb/v7-m/nofp/crtbegin.o
                [!provide]                        PROVIDE (__fini_array_end = .)
                0x000000000800b660                . = ALIGN (0x4)
                0x000000000800b660                _sidata = LOADADDR (.data)

.data           0x0000000020000000       0x98 load address 0x000000000800b660
                0x0000000020000000                . = ALIGN (0x4)
                0x0000000020000000                _sdata = .
 *(.data)
 *(.data*)
 .data.Font_6x8
                0x0000000020000000        0x8 ./Core/Src/fonts.o
                0x0000000020000000                Font_6x8
 .data.Font_7x10
                0x0000000020000008        0x8 ./Core/Src/fonts.o
                0x0000000020000008                Font_7x10
 .data.Font_11x18
                0x0000000020000010        0x8 ./Core/Src/fonts.o
                0x0000000020000010                Font_11x18
 .data.Font_16x26
                0x0000000020000018        0x8 ./Core/Src/fonts.o
                0x0000000020000018                Font_16x26
 .data.Font_16x24
                0x0000000020000020        0x8 ./Core/Src/fonts.o
                0x0000000020000020                Font_16x24
 .data.SystemCoreClock
                0x0000000020000028        0x4 ./Core/Src/system_stm32f1xx.o
                0x0000000020000028                SystemCoreClock
 .data.uwTickPrio
                0x000000002000002c        0x4 ./Drivers/STM32F1xx_HAL_Driver/Src/stm32f1xx_hal.o
                0x000000002000002c                uwTickPrio
 .data.uwTickFreq
                0x0000000020000030        0x1 ./Drivers/STM32F1xx_HAL_Driver/Src/stm32f1xx_hal.o
                0x0000000020000030                uwTickFreq
 *fill*         0x0000000020000031        0x3 
 .data._impure_ptr
                0x0000000020000034        0x4 /opt/st/stm32cubeide_1.11.2/plugins/com.st.stm32cube.ide.mcu.externaltools.gnu-tools-for-stm32.10.3-2021.10.linux64_1.0.100.202210260954/tools/bin/../lib/gcc/arm-none-eabi/10.3.1/../../../../arm-none-eabi/lib/thumb/v7-m/nofp/libc_nano.a(lib_a-impure.o)
                0x0000000020000034                _impure_ptr
 .data.impure_data
                0x0000000020000038       0x60 /opt/st/stm32cubeide_1.11.2/plugins/com.st.stm32cube.ide.mcu.externaltools.gnu-tools-for-stm32.10.3-2021.10.linux64_1.0.100.202210260954/tools/bin/../lib/gcc/arm-none-eabi/10.3.1/../../../../arm-none-eabi/lib/thumb/v7-m/nofp/libc_nano.a(lib_a-impure.o)
 *(.RamFunc)
 *(.RamFunc*)
                0x0000000020000098                . = ALIGN (0x4)
                0x0000000020000098                _edata = .

.igot.plt       0x0000000020000098        0x0 load address 0x000000000800b6f8
 .igot.plt      0x0000000020000098        0x0 /opt/st/stm32cubeide_1.11.2/plugins/com.st.stm32cube.ide.mcu.externaltools.gnu-tools-for-stm32.10.3-2021.10.linux64_1.0.100.202210260954/tools/bin/../lib/gcc/arm-none-eabi/10.3.1/thumb/v7-m/nofp/crtbegin.o
                0x0000000020000098                . = ALIGN (0x4)

.bss            0x0000000020000098      0x5b0 load address 0x000000000800b6f8
                0x0000000020000098                _sbss = .
                0x0000000020000098                __bss_start__ = _sbss
 *(.bss)
 .bss           0x0000000020000098       0x1c /opt/st/stm32cubeide_1.11.2/plugins/com.st.stm32cube.ide.mcu.externaltools.gnu-tools-for-stm32.10.3-2021.10.linux64_1.0.100.202210260954/tools/bin/../lib/gcc/arm-none-eabi/10.3.1/thumb/v7-m/nofp/crtbegin.o
 *(.bss*)
 .bss.hi2c2     0x00000000200000b4       0x54 ./Core/Src/main.o
                0x00000000200000b4                hi2c2
 .bss.htim1     0x0000000020000108       0x48 ./Core/Src/main.o
                0x0000000020000108                htim1
 .bss.htim2     0x0000000020000150       0x48 ./Core/Src/main.o
                0x0000000020000150                htim2
 .bss.htim3     0x0000000020000198       0x48 ./Core/Src/main.o
                0x0000000020000198                htim3
 .bss.htim4     0x00000000200001e0       0x48 ./Core/Src/main.o
                0x00000000200001e0                htim4
 .bss.SSD1306_Buffer
                0x0000000020000228      0x400 ./Core/Src/ssd1306.o
 .bss.SSD1306   0x0000000020000628        0x6 ./Core/Src/ssd1306.o
 *fill*         0x000000002000062e        0x2 
 .bss.__sbrk_heap_end
                0x0000000020000630        0x4 ./Core/Src/sysmem.o
 .bss.uwTick    0x0000000020000634        0x4 ./Drivers/STM32F1xx_HAL_Driver/Src/stm32f1xx_hal.o
                0x0000000020000634                uwTick
 .bss.__malloc_free_list
                0x0000000020000638        0x4 /opt/st/stm32cubeide_1.11.2/plugins/com.st.stm32cube.ide.mcu.externaltools.gnu-tools-for-stm32.10.3-2021.10.linux64_1.0.100.202210260954/tools/bin/../lib/gcc/arm-none-eabi/10.3.1/../../../../arm-none-eabi/lib/thumb/v7-m/nofp/libc_nano.a(lib_a-nano-mallocr.o)
                0x0000000020000638                __malloc_free_list
 .bss.__malloc_sbrk_start
                0x000000002000063c        0x4 /opt/st/stm32cubeide_1.11.2/plugins/com.st.stm32cube.ide.mcu.externaltools.gnu-tools-for-stm32.10.3-2021.10.linux64_1.0.100.202210260954/tools/bin/../lib/gcc/arm-none-eabi/10.3.1/../../../../arm-none-eabi/lib/thumb/v7-m/nofp/libc_nano.a(lib_a-nano-mallocr.o)
                0x000000002000063c                __malloc_sbrk_start
 .bss.errno     0x0000000020000640        0x4 /opt/st/stm32cubeide_1.11.2/plugins/com.st.stm32cube.ide.mcu.externaltools.gnu-tools-for-stm32.10.3-2021.10.linux64_1.0.100.202210260954/tools/bin/../lib/gcc/arm-none-eabi/10.3.1/../../../../arm-none-eabi/lib/thumb/v7-m/nofp/libc_nano.a(lib_a-reent.o)
                0x0000000020000640                errno
 .bss.__lock___malloc_recursive_mutex
                0x0000000020000644        0x1 /opt/st/stm32cubeide_1.11.2/plugins/com.st.stm32cube.ide.mcu.externaltools.gnu-tools-for-stm32.10.3-2021.10.linux64_1.0.100.202210260954/tools/bin/../lib/gcc/arm-none-eabi/10.3.1/../../../../arm-none-eabi/lib/thumb/v7-m/nofp/libc_nano.a(lib_a-lock.o)
                0x0000000020000644                __lock___malloc_recursive_mutex
 *(COMMON)
                0x0000000020000648                . = ALIGN (0x4)
 *fill*         0x0000000020000645        0x3 
                0x0000000020000648                _ebss = .
                0x0000000020000648                __bss_end__ = _ebss

._user_heap_stack
                0x0000000020000648      0x600 load address 0x000000000800b6f8
                0x0000000020000648                . = ALIGN (0x8)
                [!provide]                        PROVIDE (end = .)
                0x0000000020000648                PROVIDE (_end = .)
                0x0000000020000848                . = (. + _Min_Heap_Size)
 *fill*         0x0000000020000648      0x200 
                0x0000000020000c48                . = (. + _Min_Stack_Size)
 *fill*         0x0000000020000848      0x400 
                0x0000000020000c48                . = ALIGN (0x8)

/DISCARD/
 libc.a(*)
 libm.a(*)
 libgcc.a(*)

.ARM.attributes
                0x0000000000000000       0x29
 *(.ARM.attributes)
 .ARM.attributes
                0x0000000000000000       0x1d /opt/st/stm32cubeide_1.11.2/plugins/com.st.stm32cube.ide.mcu.externaltools.gnu-tools-for-stm32.10.3-2021.10.linux64_1.0.100.202210260954/tools/bin/../lib/gcc/arm-none-eabi/10.3.1/thumb/v7-m/nofp/crti.o
 .ARM.attributes
                0x000000000000001d       0x2d /opt/st/stm32cubeide_1.11.2/plugins/com.st.stm32cube.ide.mcu.externaltools.gnu-tools-for-stm32.10.3-2021.10.linux64_1.0.100.202210260954/tools/bin/../lib/gcc/arm-none-eabi/10.3.1/thumb/v7-m/nofp/crtbegin.o
 .ARM.attributes
                0x000000000000004a       0x2d ./Core/Src/fonts.o
 .ARM.attributes
                0x0000000000000077       0x2d ./Core/Src/main.o
 .ARM.attributes
                0x00000000000000a4       0x2d ./Core/Src/ssd1306.o
 .ARM.attributes
                0x00000000000000d1       0x2d ./Core/Src/ssd1306_tests.o
 .ARM.attributes
                0x00000000000000fe       0x2d ./Core/Src/stm32f1xx_hal_msp.o
 .ARM.attributes
                0x000000000000012b       0x2d ./Core/Src/stm32f1xx_it.o
 .ARM.attributes
                0x0000000000000158       0x2d ./Core/Src/sysmem.o
 .ARM.attributes
                0x0000000000000185       0x2d ./Core/Src/system_stm32f1xx.o
 .ARM.attributes
                0x00000000000001b2       0x21 ./Core/Startup/startup_stm32f103c8tx.o
 .ARM.attributes
                0x00000000000001d3       0x2d ./Drivers/STM32F1xx_HAL_Driver/Src/stm32f1xx_hal.o
 .ARM.attributes
                0x0000000000000200       0x2d ./Drivers/STM32F1xx_HAL_Driver/Src/stm32f1xx_hal_cortex.o
 .ARM.attributes
                0x000000000000022d       0x2d ./Drivers/STM32F1xx_HAL_Driver/Src/stm32f1xx_hal_gpio.o
 .ARM.attributes
                0x000000000000025a       0x2d ./Drivers/STM32F1xx_HAL_Driver/Src/stm32f1xx_hal_i2c.o
 .ARM.attributes
                0x0000000000000287       0x2d ./Drivers/STM32F1xx_HAL_Driver/Src/stm32f1xx_hal_rcc.o
 .ARM.attributes
                0x00000000000002b4       0x2d ./Drivers/STM32F1xx_HAL_Driver/Src/stm32f1xx_hal_tim.o
 .ARM.attributes
                0x00000000000002e1       0x2d ./Drivers/STM32F1xx_HAL_Driver/Src/stm32f1xx_hal_tim_ex.o
 .ARM.attributes
                0x000000000000030e       0x2d /opt/st/stm32cubeide_1.11.2/plugins/com.st.stm32cube.ide.mcu.externaltools.gnu-tools-for-stm32.10.3-2021.10.linux64_1.0.100.202210260954/tools/bin/../lib/gcc/arm-none-eabi/10.3.1/../../../../arm-none-eabi/lib/thumb/v7-m/nofp/libc_nano.a(lib_a-errno.o)
 .ARM.attributes
                0x000000000000033b       0x2d /opt/st/stm32cubeide_1.11.2/plugins/com.st.stm32cube.ide.mcu.externaltools.gnu-tools-for-stm32.10.3-2021.10.linux64_1.0.100.202210260954/tools/bin/../lib/gcc/arm-none-eabi/10.3.1/../../../../arm-none-eabi/lib/thumb/v7-m/nofp/libc_nano.a(lib_a-impure.o)
 .ARM.attributes
                0x0000000000000368       0x2d /opt/st/stm32cubeide_1.11.2/plugins/com.st.stm32cube.ide.mcu.externaltools.gnu-tools-for-stm32.10.3-2021.10.linux64_1.0.100.202210260954/tools/bin/../lib/gcc/arm-none-eabi/10.3.1/../../../../arm-none-eabi/lib/thumb/v7-m/nofp/libc_nano.a(lib_a-init.o)
 .ARM.attributes
                0x0000000000000395       0x2d /opt/st/stm32cubeide_1.11.2/plugins/com.st.stm32cube.ide.mcu.externaltools.gnu-tools-for-stm32.10.3-2021.10.linux64_1.0.100.202210260954/tools/bin/../lib/gcc/arm-none-eabi/10.3.1/../../../../arm-none-eabi/lib/thumb/v7-m/nofp/libc_nano.a(lib_a-memcpy-stub.o)
 .ARM.attributes
                0x00000000000003c2       0x2d /opt/st/stm32cubeide_1.11.2/plugins/com.st.stm32cube.ide.mcu.externaltools.gnu-tools-for-stm32.10.3-2021.10.linux64_1.0.100.202210260954/tools/bin/../lib/gcc/arm-none-eabi/10.3.1/../../../../arm-none-eabi/lib/thumb/v7-m/nofp/libc_nano.a(lib_a-memmove.o)
 .ARM.attributes
                0x00000000000003ef       0x2d /opt/st/stm32cubeide_1.11.2/plugins/com.st.stm32cube.ide.mcu.externaltools.gnu-tools-for-stm32.10.3-2021.10.linux64_1.0.100.202210260954/tools/bin/../lib/gcc/arm-none-eabi/10.3.1/../../../../arm-none-eabi/lib/thumb/v7-m/nofp/libc_nano.a(lib_a-memset.o)
 .ARM.attributes
                0x000000000000041c       0x2d /opt/st/stm32cubeide_1.11.2/plugins/com.st.stm32cube.ide.mcu.externaltools.gnu-tools-for-stm32.10.3-2021.10.linux64_1.0.100.202210260954/tools/bin/../lib/gcc/arm-none-eabi/10.3.1/../../../../arm-none-eabi/lib/thumb/v7-m/nofp/libc_nano.a(lib_a-snprintf.o)
 .ARM.attributes
                0x0000000000000449       0x2d /opt/st/stm32cubeide_1.11.2/plugins/com.st.stm32cube.ide.mcu.externaltools.gnu-tools-for-stm32.10.3-2021.10.linux64_1.0.100.202210260954/tools/bin/../lib/gcc/arm-none-eabi/10.3.1/../../../../arm-none-eabi/lib/thumb/v7-m/nofp/libc_nano.a(lib_a-nano-svfprintf.o)
 .ARM.attributes
                0x0000000000000476       0x2d /opt/st/stm32cubeide_1.11.2/plugins/com.st.stm32cube.ide.mcu.externaltools.gnu-tools-for-stm32.10.3-2021.10.linux64_1.0.100.202210260954/tools/bin/../lib/gcc/arm-none-eabi/10.3.1/../../../../arm-none-eabi/lib/thumb/v7-m/nofp/libc_nano.a(lib_a-nano-vfprintf_i.o)
 .ARM.attributes
                0x00000000000004a3       0x2d /opt/st/stm32cubeide_1.11.2/plugins/com.st.stm32cube.ide.mcu.externaltools.gnu-tools-for-stm32.10.3-2021.10.linux64_1.0.100.202210260954/tools/bin/../lib/gcc/arm-none-eabi/10.3.1/../../../../arm-none-eabi/lib/thumb/v7-m/nofp/libc_nano.a(lib_a-memchr-stub.o)
 .ARM.attributes
                0x00000000000004d0       0x2d /opt/st/stm32cubeide_1.11.2/plugins/com.st.stm32cube.ide.mcu.externaltools.gnu-tools-for-stm32.10.3-2021.10.linux64_1.0.100.202210260954/tools/bin/../lib/gcc/arm-none-eabi/10.3.1/../../../../arm-none-eabi/lib/thumb/v7-m/nofp/libc_nano.a(lib_a-nano-freer.o)
 .ARM.attributes
                0x00000000000004fd       0x2d /opt/st/stm32cubeide_1.11.2/plugins/com.st.stm32cube.ide.mcu.externaltools.gnu-tools-for-stm32.10.3-2021.10.linux64_1.0.100.202210260954/tools/bin/../lib/gcc/arm-none-eabi/10.3.1/../../../../arm-none-eabi/lib/thumb/v7-m/nofp/libc_nano.a(lib_a-nano-mallocr.o)
 .ARM.attributes
                0x000000000000052a       0x2d /opt/st/stm32cubeide_1.11.2/plugins/com.st.stm32cube.ide.mcu.externaltools.gnu-tools-for-stm32.10.3-2021.10.linux64_1.0.100.202210260954/tools/bin/../lib/gcc/arm-none-eabi/10.3.1/../../../../arm-none-eabi/lib/thumb/v7-m/nofp/libc_nano.a(lib_a-nano-reallocr.o)
 .ARM.attributes
                0x0000000000000557       0x2d /opt/st/stm32cubeide_1.11.2/plugins/com.st.stm32cube.ide.mcu.externaltools.gnu-tools-for-stm32.10.3-2021.10.linux64_1.0.100.202210260954/tools/bin/../lib/gcc/arm-none-eabi/10.3.1/../../../../arm-none-eabi/lib/thumb/v7-m/nofp/libc_nano.a(lib_a-sbrkr.o)
 .ARM.attributes
                0x0000000000000584       0x2d /opt/st/stm32cubeide_1.11.2/plugins/com.st.stm32cube.ide.mcu.externaltools.gnu-tools-for-stm32.10.3-2021.10.linux64_1.0.100.202210260954/tools/bin/../lib/gcc/arm-none-eabi/10.3.1/../../../../arm-none-eabi/lib/thumb/v7-m/nofp/libc_nano.a(lib_a-mlock.o)
 .ARM.attributes
                0x00000000000005b1       0x2d /opt/st/stm32cubeide_1.11.2/plugins/com.st.stm32cube.ide.mcu.externaltools.gnu-tools-for-stm32.10.3-2021.10.linux64_1.0.100.202210260954/tools/bin/../lib/gcc/arm-none-eabi/10.3.1/../../../../arm-none-eabi/lib/thumb/v7-m/nofp/libc_nano.a(lib_a-nano-msizer.o)
 .ARM.attributes
                0x00000000000005de       0x2d /opt/st/stm32cubeide_1.11.2/plugins/com.st.stm32cube.ide.mcu.externaltools.gnu-tools-for-stm32.10.3-2021.10.linux64_1.0.100.202210260954/tools/bin/../lib/gcc/arm-none-eabi/10.3.1/../../../../arm-none-eabi/lib/thumb/v7-m/nofp/libc_nano.a(lib_a-reent.o)
 .ARM.attributes
                0x000000000000060b       0x2d /opt/st/stm32cubeide_1.11.2/plugins/com.st.stm32cube.ide.mcu.externaltools.gnu-tools-for-stm32.10.3-2021.10.linux64_1.0.100.202210260954/tools/bin/../lib/gcc/arm-none-eabi/10.3.1/../../../../arm-none-eabi/lib/thumb/v7-m/nofp/libc_nano.a(lib_a-lock.o)
 .ARM.attributes
                0x0000000000000638       0x2d /opt/st/stm32cubeide_1.11.2/plugins/com.st.stm32cube.ide.mcu.externaltools.gnu-tools-for-stm32.10.3-2021.10.linux64_1.0.100.202210260954/tools/bin/../lib/gcc/arm-none-eabi/10.3.1/../../../../arm-none-eabi/lib/thumb/v7-m/nofp/libm.a(lib_a-s_cos.o)
 .ARM.attributes
                0x0000000000000665       0x2d /opt/st/stm32cubeide_1.11.2/plugins/com.st.stm32cube.ide.mcu.externaltools.gnu-tools-for-stm32.10.3-2021.10.linux64_1.0.100.202210260954/tools/bin/../lib/gcc/arm-none-eabi/10.3.1/../../../../arm-none-eabi/lib/thumb/v7-m/nofp/libm.a(lib_a-s_sin.o)
 .ARM.attributes
                0x0000000000000692       0x2d /opt/st/stm32cubeide_1.11.2/plugins/com.st.stm32cube.ide.mcu.externaltools.gnu-tools-for-stm32.10.3-2021.10.linux64_1.0.100.202210260954/tools/bin/../lib/gcc/arm-none-eabi/10.3.1/../../../../arm-none-eabi/lib/thumb/v7-m/nofp/libm.a(lib_a-e_rem_pio2.o)
 .ARM.attributes
                0x00000000000006bf       0x2d /opt/st/stm32cubeide_1.11.2/plugins/com.st.stm32cube.ide.mcu.externaltools.gnu-tools-for-stm32.10.3-2021.10.linux64_1.0.100.202210260954/tools/bin/../lib/gcc/arm-none-eabi/10.3.1/../../../../arm-none-eabi/lib/thumb/v7-m/nofp/libm.a(lib_a-k_cos.o)
 .ARM.attributes
                0x00000000000006ec       0x2d /opt/st/stm32cubeide_1.11.2/plugins/com.st.stm32cube.ide.mcu.externaltools.gnu-tools-for-stm32.10.3-2021.10.linux64_1.0.100.202210260954/tools/bin/../lib/gcc/arm-none-eabi/10.3.1/../../../../arm-none-eabi/lib/thumb/v7-m/nofp/libm.a(lib_a-k_rem_pio2.o)
 .ARM.attributes
                0x0000000000000719       0x2d /opt/st/stm32cubeide_1.11.2/plugins/com.st.stm32cube.ide.mcu.externaltools.gnu-tools-for-stm32.10.3-2021.10.linux64_1.0.100.202210260954/tools/bin/../lib/gcc/arm-none-eabi/10.3.1/../../../../arm-none-eabi/lib/thumb/v7-m/nofp/libm.a(lib_a-k_sin.o)
 .ARM.attributes
                0x0000000000000746       0x2d /opt/st/stm32cubeide_1.11.2/plugins/com.st.stm32cube.ide.mcu.externaltools.gnu-tools-for-stm32.10.3-2021.10.linux64_1.0.100.202210260954/tools/bin/../lib/gcc/arm-none-eabi/10.3.1/../../../../arm-none-eabi/lib/thumb/v7-m/nofp/libm.a(lib_a-s_fabs.o)
 .ARM.attributes
                0x0000000000000773       0x2d /opt/st/stm32cubeide_1.11.2/plugins/com.st.stm32cube.ide.mcu.externaltools.gnu-tools-for-stm32.10.3-2021.10.linux64_1.0.100.202210260954/tools/bin/../lib/gcc/arm-none-eabi/10.3.1/../../../../arm-none-eabi/lib/thumb/v7-m/nofp/libm.a(lib_a-s_floor.o)
 .ARM.attributes
                0x00000000000007a0       0x2d /opt/st/stm32cubeide_1.11.2/plugins/com.st.stm32cube.ide.mcu.externaltools.gnu-tools-for-stm32.10.3-2021.10.linux64_1.0.100.202210260954/tools/bin/../lib/gcc/arm-none-eabi/10.3.1/../../../../arm-none-eabi/lib/thumb/v7-m/nofp/libm.a(lib_a-s_scalbn.o)
 .ARM.attributes
                0x00000000000007cd       0x1d /opt/st/stm32cubeide_1.11.2/plugins/com.st.stm32cube.ide.mcu.externaltools.gnu-tools-for-stm32.10.3-2021.10.linux64_1.0.100.202210260954/tools/bin/../lib/gcc/arm-none-eabi/10.3.1/thumb/v7-m/nofp/libgcc.a(_arm_addsubdf3.o)
 .ARM.attributes
                0x00000000000007ea       0x1d /opt/st/stm32cubeide_1.11.2/plugins/com.st.stm32cube.ide.mcu.externaltools.gnu-tools-for-stm32.10.3-2021.10.linux64_1.0.100.202210260954/tools/bin/../lib/gcc/arm-none-eabi/10.3.1/thumb/v7-m/nofp/libgcc.a(_arm_muldivdf3.o)
 .ARM.attributes
                0x0000000000000807       0x1d /opt/st/stm32cubeide_1.11.2/plugins/com.st.stm32cube.ide.mcu.externaltools.gnu-tools-for-stm32.10.3-2021.10.linux64_1.0.100.202210260954/tools/bin/../lib/gcc/arm-none-eabi/10.3.1/thumb/v7-m/nofp/libgcc.a(_arm_cmpdf2.o)
 .ARM.attributes
                0x0000000000000824       0x1d /opt/st/stm32cubeide_1.11.2/plugins/com.st.stm32cube.ide.mcu.externaltools.gnu-tools-for-stm32.10.3-2021.10.linux64_1.0.100.202210260954/tools/bin/../lib/gcc/arm-none-eabi/10.3.1/thumb/v7-m/nofp/libgcc.a(_arm_fixdfsi.o)
 .ARM.attributes
                0x0000000000000841       0x1d /opt/st/stm32cubeide_1.11.2/plugins/com.st.stm32cube.ide.mcu.externaltools.gnu-tools-for-stm32.10.3-2021.10.linux64_1.0.100.202210260954/tools/bin/../lib/gcc/arm-none-eabi/10.3.1/thumb/v7-m/nofp/libgcc.a(_arm_truncdfsf2.o)
 .ARM.attributes
                0x000000000000085e       0x1d /opt/st/stm32cubeide_1.11.2/plugins/com.st.stm32cube.ide.mcu.externaltools.gnu-tools-for-stm32.10.3-2021.10.linux64_1.0.100.202210260954/tools/bin/../lib/gcc/arm-none-eabi/10.3.1/thumb/v7-m/nofp/libgcc.a(_arm_addsubsf3.o)
 .ARM.attributes
                0x000000000000087b       0x1d /opt/st/stm32cubeide_1.11.2/plugins/com.st.stm32cube.ide.mcu.externaltools.gnu-tools-for-stm32.10.3-2021.10.linux64_1.0.100.202210260954/tools/bin/../lib/gcc/arm-none-eabi/10.3.1/thumb/v7-m/nofp/libgcc.a(_arm_muldivsf3.o)
 .ARM.attributes
                0x0000000000000898       0x1d /opt/st/stm32cubeide_1.11.2/plugins/com.st.stm32cube.ide.mcu.externaltools.gnu-tools-for-stm32.10.3-2021.10.linux64_1.0.100.202210260954/tools/bin/../lib/gcc/arm-none-eabi/10.3.1/thumb/v7-m/nofp/crtn.o
OUTPUT(bluePillTest.elf elf32-littlearm)
LOAD linker stubs
LOAD /opt/st/stm32cubeide_1.11.2/plugins/com.st.stm32cube.ide.mcu.externaltools.gnu-tools-for-stm32.10.3-2021.10.linux64_1.0.100.202210260954/tools/bin/../lib/gcc/arm-none-eabi/10.3.1/../../../../arm-none-eabi/lib/thumb/v7-m/nofp/libc.a
LOAD /opt/st/stm32cubeide_1.11.2/plugins/com.st.stm32cube.ide.mcu.externaltools.gnu-tools-for-stm32.10.3-2021.10.linux64_1.0.100.202210260954/tools/bin/../lib/gcc/arm-none-eabi/10.3.1/../../../../arm-none-eabi/lib/thumb/v7-m/nofp/libm.a
LOAD /opt/st/stm32cubeide_1.11.2/plugins/com.st.stm32cube.ide.mcu.externaltools.gnu-tools-for-stm32.10.3-2021.10.linux64_1.0.100.202210260954/tools/bin/../lib/gcc/arm-none-eabi/10.3.1/thumb/v7-m/nofp/libgcc.a

.debug_info     0x0000000000000000     0xcfe6
 .debug_info    0x0000000000000000      0x236 ./Core/Src/fonts.o
 .debug_info    0x0000000000000236     0x1173 ./Core/Src/main.o
 .debug_info    0x00000000000013a9     0x1264 ./Core/Src/ssd1306.o
 .debug_info    0x000000000000260d      0x674 ./Core/Src/ssd1306_tests.o
 .debug_info    0x0000000000002c81      0xec9 ./Core/Src/stm32f1xx_hal_msp.o
 .debug_info    0x0000000000003b4a      0x72b ./Core/Src/stm32f1xx_it.o
 .debug_info    0x0000000000004275      0x171 ./Core/Src/sysmem.o
 .debug_info    0x00000000000043e6      0x23d ./Core/Src/system_stm32f1xx.o
 .debug_info    0x0000000000004623       0x22 ./Core/Startup/startup_stm32f103c8tx.o
 .debug_info    0x0000000000004645      0x734 ./Drivers/STM32F1xx_HAL_Driver/Src/stm32f1xx_hal.o
 .debug_info    0x0000000000004d79      0xb20 ./Drivers/STM32F1xx_HAL_Driver/Src/stm32f1xx_hal_cortex.o
 .debug_info    0x0000000000005899      0x615 ./Drivers/STM32F1xx_HAL_Driver/Src/stm32f1xx_hal_gpio.o
 .debug_info    0x0000000000005eae     0x2761 ./Drivers/STM32F1xx_HAL_Driver/Src/stm32f1xx_hal_i2c.o
 .debug_info    0x000000000000860f      0x865 ./Drivers/STM32F1xx_HAL_Driver/Src/stm32f1xx_hal_rcc.o
 .debug_info    0x0000000000008e74     0x2bab ./Drivers/STM32F1xx_HAL_Driver/Src/stm32f1xx_hal_tim.o
 .debug_info    0x000000000000ba1f     0x15c7 ./Drivers/STM32F1xx_HAL_Driver/Src/stm32f1xx_hal_tim_ex.o

.debug_abbrev   0x0000000000000000     0x1f9d
 .debug_abbrev  0x0000000000000000       0xbe ./Core/Src/fonts.o
 .debug_abbrev  0x00000000000000be      0x2da ./Core/Src/main.o
 .debug_abbrev  0x0000000000000398      0x34f ./Core/Src/ssd1306.o
 .debug_abbrev  0x00000000000006e7      0x24c ./Core/Src/ssd1306_tests.o
 .debug_abbrev  0x0000000000000933      0x23b ./Core/Src/stm32f1xx_hal_msp.o
 .debug_abbrev  0x0000000000000b6e      0x184 ./Core/Src/stm32f1xx_it.o
 .debug_abbrev  0x0000000000000cf2       0xbb ./Core/Src/sysmem.o
 .debug_abbrev  0x0000000000000dad      0x13b ./Core/Src/system_stm32f1xx.o
 .debug_abbrev  0x0000000000000ee8       0x12 ./Core/Startup/startup_stm32f103c8tx.o
 .debug_abbrev  0x0000000000000efa      0x1fb ./Drivers/STM32F1xx_HAL_Driver/Src/stm32f1xx_hal.o
 .debug_abbrev  0x00000000000010f5      0x2ed ./Drivers/STM32F1xx_HAL_Driver/Src/stm32f1xx_hal_cortex.o
 .debug_abbrev  0x00000000000013e2      0x1bb ./Drivers/STM32F1xx_HAL_Driver/Src/stm32f1xx_hal_gpio.o
 .debug_abbrev  0x000000000000159d      0x288 ./Drivers/STM32F1xx_HAL_Driver/Src/stm32f1xx_hal_i2c.o
 .debug_abbrev  0x0000000000001825      0x2a8 ./Drivers/STM32F1xx_HAL_Driver/Src/stm32f1xx_hal_rcc.o
 .debug_abbrev  0x0000000000001acd      0x264 ./Drivers/STM32F1xx_HAL_Driver/Src/stm32f1xx_hal_tim.o
 .debug_abbrev  0x0000000000001d31      0x26c ./Drivers/STM32F1xx_HAL_Driver/Src/stm32f1xx_hal_tim_ex.o

.debug_aranges  0x0000000000000000      0xdb8
 .debug_aranges
                0x0000000000000000       0x18 ./Core/Src/fonts.o
 .debug_aranges
                0x0000000000000018       0x60 ./Core/Src/main.o
 .debug_aranges
                0x0000000000000078       0xe0 ./Core/Src/ssd1306.o
 .debug_aranges
                0x0000000000000158       0x78 ./Core/Src/ssd1306_tests.o
 .debug_aranges
                0x00000000000001d0       0x58 ./Core/Src/stm32f1xx_hal_msp.o
 .debug_aranges
                0x0000000000000228       0x78 ./Core/Src/stm32f1xx_it.o
 .debug_aranges
                0x00000000000002a0       0x20 ./Core/Src/sysmem.o
 .debug_aranges
                0x00000000000002c0       0x28 ./Core/Src/system_stm32f1xx.o
 .debug_aranges
                0x00000000000002e8       0x28 ./Core/Startup/startup_stm32f103c8tx.o
 .debug_aranges
                0x0000000000000310       0xe0 ./Drivers/STM32F1xx_HAL_Driver/Src/stm32f1xx_hal.o
 .debug_aranges
                0x00000000000003f0      0x100 ./Drivers/STM32F1xx_HAL_Driver/Src/stm32f1xx_hal_cortex.o
 .debug_aranges
                0x00000000000004f0       0x58 ./Drivers/STM32F1xx_HAL_Driver/Src/stm32f1xx_hal_gpio.o
 .debug_aranges
                0x0000000000000548      0x2a8 ./Drivers/STM32F1xx_HAL_Driver/Src/stm32f1xx_hal_i2c.o
 .debug_aranges
                0x00000000000007f0       0x90 ./Drivers/STM32F1xx_HAL_Driver/Src/stm32f1xx_hal_rcc.o
 .debug_aranges
                0x0000000000000880      0x3d0 ./Drivers/STM32F1xx_HAL_Driver/Src/stm32f1xx_hal_tim.o
 .debug_aranges
                0x0000000000000c50      0x168 ./Drivers/STM32F1xx_HAL_Driver/Src/stm32f1xx_hal_tim_ex.o

.debug_macro    0x0000000000000000    0x18415
 .debug_macro   0x0000000000000000       0x76 ./Core/Src/fonts.o
 .debug_macro   0x0000000000000076      0xa6c ./Core/Src/fonts.o
 .debug_macro   0x0000000000000ae2       0x22 ./Core/Src/fonts.o
 .debug_macro   0x0000000000000b04       0x8e ./Core/Src/fonts.o
 .debug_macro   0x0000000000000b92       0x51 ./Core/Src/fonts.o
 .debug_macro   0x0000000000000be3      0x103 ./Core/Src/fonts.o
 .debug_macro   0x0000000000000ce6       0x6a ./Core/Src/fonts.o
 .debug_macro   0x0000000000000d50      0x1df ./Core/Src/fonts.o
 .debug_macro   0x0000000000000f2f       0x46 ./Core/Src/fonts.o
 .debug_macro   0x0000000000000f75      0x21b ./Core/Src/main.o
 .debug_macro   0x0000000000001190      0x21b ./Core/Src/main.o
 .debug_macro   0x00000000000013ab       0x2e ./Core/Src/main.o
 .debug_macro   0x00000000000013d9       0x22 ./Core/Src/main.o
 .debug_macro   0x00000000000013fb       0x1c ./Core/Src/main.o
 .debug_macro   0x0000000000001417       0x22 ./Core/Src/main.o
 .debug_macro   0x0000000000001439       0xbd ./Core/Src/main.o
 .debug_macro   0x00000000000014f6      0xd23 ./Core/Src/main.o
 .debug_macro   0x0000000000002219     0xe09e ./Core/Src/main.o
 .debug_macro   0x00000000000102b7       0x6d ./Core/Src/main.o
 .debug_macro   0x0000000000010324     0x348d ./Core/Src/main.o
 .debug_macro   0x00000000000137b1      0x174 ./Core/Src/main.o
 .debug_macro   0x0000000000013925       0x5c ./Core/Src/main.o
 .debug_macro   0x0000000000013981      0x5bc ./Core/Src/main.o
 .debug_macro   0x0000000000013f3d      0x289 ./Core/Src/main.o
 .debug_macro   0x00000000000141c6      0x1cb ./Core/Src/main.o
 .debug_macro   0x0000000000014391      0x114 ./Core/Src/main.o
 .debug_macro   0x00000000000144a5      0x1b2 ./Core/Src/main.o
 .debug_macro   0x0000000000014657       0x27 ./Core/Src/main.o
 .debug_macro   0x000000000001467e      0x136 ./Core/Src/main.o
 .debug_macro   0x00000000000147b4      0x1bc ./Core/Src/main.o
 .debug_macro   0x0000000000014970       0x34 ./Core/Src/main.o
 .debug_macro   0x00000000000149a4       0x3c ./Core/Src/main.o
 .debug_macro   0x00000000000149e0       0x57 ./Core/Src/main.o
 .debug_macro   0x0000000000014a37       0x87 ./Core/Src/main.o
 .debug_macro   0x0000000000014abe      0x240 ./Core/Src/main.o
 .debug_macro   0x0000000000014cfe      0x287 ./Core/Src/main.o
 .debug_macro   0x0000000000014f85      0x140 ./Core/Src/main.o
 .debug_macro   0x00000000000150c5      0x8ed ./Core/Src/main.o
 .debug_macro   0x00000000000159b2       0x83 ./Core/Src/main.o
 .debug_macro   0x0000000000015a35       0x10 ./Core/Src/main.o
 .debug_macro   0x0000000000015a45       0x52 ./Core/Src/main.o
 .debug_macro   0x0000000000015a97       0x18 ./Core/Src/main.o
 .debug_macro   0x0000000000015aaf       0x3c ./Core/Src/main.o
 .debug_macro   0x0000000000015aeb       0x34 ./Core/Src/main.o
 .debug_macro   0x0000000000015b1f       0x10 ./Core/Src/main.o
 .debug_macro   0x0000000000015b2f       0x3a ./Core/Src/main.o
 .debug_macro   0x0000000000015b69      0x2d7 ./Core/Src/ssd1306.o
 .debug_macro   0x0000000000015e40       0x4c ./Core/Src/ssd1306.o
 .debug_macro   0x0000000000015e8c       0x94 ./Core/Src/ssd1306.o
 .debug_macro   0x0000000000015f20       0x28 ./Core/Src/ssd1306.o
 .debug_macro   0x0000000000015f48       0x57 ./Core/Src/ssd1306.o
 .debug_macro   0x0000000000015f9f       0x16 ./Core/Src/ssd1306.o
 .debug_macro   0x0000000000015fb5       0x43 ./Core/Src/ssd1306.o
 .debug_macro   0x0000000000015ff8       0x34 ./Core/Src/ssd1306.o
 .debug_macro   0x000000000001602c       0x10 ./Core/Src/ssd1306.o
 .debug_macro   0x000000000001603c       0x58 ./Core/Src/ssd1306.o
 .debug_macro   0x0000000000016094       0x71 ./Core/Src/ssd1306.o
 .debug_macro   0x0000000000016105       0x1c ./Core/Src/ssd1306.o
 .debug_macro   0x0000000000016121      0x12a ./Core/Src/ssd1306.o
 .debug_macro   0x000000000001624b      0x341 ./Core/Src/ssd1306.o
 .debug_macro   0x000000000001658c      0x19b ./Core/Src/ssd1306.o
 .debug_macro   0x0000000000016727       0x16 ./Core/Src/ssd1306.o
 .debug_macro   0x000000000001673d       0x35 ./Core/Src/ssd1306.o
 .debug_macro   0x0000000000016772       0x16 ./Core/Src/ssd1306.o
 .debug_macro   0x0000000000016788       0x29 ./Core/Src/ssd1306.o
 .debug_macro   0x00000000000167b1       0x16 ./Core/Src/ssd1306.o
 .debug_macro   0x00000000000167c7       0x20 ./Core/Src/ssd1306.o
 .debug_macro   0x00000000000167e7      0x361 ./Core/Src/ssd1306_tests.o
 .debug_macro   0x0000000000016b48       0x10 ./Core/Src/ssd1306_tests.o
 .debug_macro   0x0000000000016b58       0x1c ./Core/Src/ssd1306_tests.o
 .debug_macro   0x0000000000016b74       0x10 ./Core/Src/ssd1306_tests.o
 .debug_macro   0x0000000000016b84       0x10 ./Core/Src/ssd1306_tests.o
 .debug_macro   0x0000000000016b94       0x1c ./Core/Src/ssd1306_tests.o
 .debug_macro   0x0000000000016bb0       0x52 ./Core/Src/ssd1306_tests.o
 .debug_macro   0x0000000000016c02       0x22 ./Core/Src/ssd1306_tests.o
 .debug_macro   0x0000000000016c24       0x10 ./Core/Src/ssd1306_tests.o
 .debug_macro   0x0000000000016c34       0x52 ./Core/Src/ssd1306_tests.o
 .debug_macro   0x0000000000016c86       0xd5 ./Core/Src/ssd1306_tests.o
 .debug_macro   0x0000000000016d5b       0x1c ./Core/Src/ssd1306_tests.o
 .debug_macro   0x0000000000016d77       0x3d ./Core/Src/ssd1306_tests.o
 .debug_macro   0x0000000000016db4       0x16 ./Core/Src/ssd1306_tests.o
 .debug_macro   0x0000000000016dca      0x145 ./Core/Src/ssd1306_tests.o
 .debug_macro   0x0000000000016f0f       0x56 ./Core/Src/ssd1306_tests.o
 .debug_macro   0x0000000000016f65      0x1b2 ./Core/Src/stm32f1xx_hal_msp.o
 .debug_macro   0x0000000000017117      0x1bc ./Core/Src/stm32f1xx_it.o
 .debug_macro   0x00000000000172d3       0xff ./Core/Src/sysmem.o
 .debug_macro   0x00000000000173d2      0x23b ./Core/Src/sysmem.o
 .debug_macro   0x000000000001760d      0x1a3 ./Core/Src/system_stm32f1xx.o
 .debug_macro   0x00000000000177b0      0x1c7 ./Drivers/STM32F1xx_HAL_Driver/Src/stm32f1xx_hal.o
 .debug_macro   0x0000000000017977      0x1a3 ./Drivers/STM32F1xx_HAL_Driver/Src/stm32f1xx_hal_cortex.o
 .debug_macro   0x0000000000017b1a      0x20e ./Drivers/STM32F1xx_HAL_Driver/Src/stm32f1xx_hal_gpio.o
 .debug_macro   0x0000000000017d28      0x1f1 ./Drivers/STM32F1xx_HAL_Driver/Src/stm32f1xx_hal_i2c.o
 .debug_macro   0x0000000000017f19      0x1b5 ./Drivers/STM32F1xx_HAL_Driver/Src/stm32f1xx_hal_rcc.o
 .debug_macro   0x00000000000180ce      0x1a4 ./Drivers/STM32F1xx_HAL_Driver/Src/stm32f1xx_hal_tim.o
 .debug_macro   0x0000000000018272      0x1a3 ./Drivers/STM32F1xx_HAL_Driver/Src/stm32f1xx_hal_tim_ex.o

.debug_line     0x0000000000000000     0xf398
 .debug_line    0x0000000000000000      0x375 ./Core/Src/fonts.o
 .debug_line    0x0000000000000375      0x9fe ./Core/Src/main.o
 .debug_line    0x0000000000000d73      0xf3d ./Core/Src/ssd1306.o
 .debug_line    0x0000000000001cb0      0xaed ./Core/Src/ssd1306_tests.o
 .debug_line    0x000000000000279d      0x7a8 ./Core/Src/stm32f1xx_hal_msp.o
 .debug_line    0x0000000000002f45      0x75f ./Core/Src/stm32f1xx_it.o
 .debug_line    0x00000000000036a4      0x4c7 ./Core/Src/sysmem.o
 .debug_line    0x0000000000003b6b      0x6d3 ./Core/Src/system_stm32f1xx.o
 .debug_line    0x000000000000423e       0x86 ./Core/Startup/startup_stm32f103c8tx.o
 .debug_line    0x00000000000042c4      0x900 ./Drivers/STM32F1xx_HAL_Driver/Src/stm32f1xx_hal.o
 .debug_line    0x0000000000004bc4      0xae8 ./Drivers/STM32F1xx_HAL_Driver/Src/stm32f1xx_hal_cortex.o
 .debug_line    0x00000000000056ac      0x999 ./Drivers/STM32F1xx_HAL_Driver/Src/stm32f1xx_hal_gpio.o
 .debug_line    0x0000000000006045     0x3a66 ./Drivers/STM32F1xx_HAL_Driver/Src/stm32f1xx_hal_i2c.o
 .debug_line    0x0000000000009aab      0xd0c ./Drivers/STM32F1xx_HAL_Driver/Src/stm32f1xx_hal_rcc.o
 .debug_line    0x000000000000a7b7     0x338b ./Drivers/STM32F1xx_HAL_Driver/Src/stm32f1xx_hal_tim.o
 .debug_line    0x000000000000db42     0x1856 ./Drivers/STM32F1xx_HAL_Driver/Src/stm32f1xx_hal_tim_ex.o

.debug_str      0x0000000000000000    0x8ba76
 .debug_str     0x0000000000000000     0x3be7 ./Core/Src/fonts.o
                                       0x3d58 (size before relaxing)
 .debug_str     0x0000000000003be7    0x8038e ./Core/Src/main.o
                                      0x84325 (size before relaxing)
 .debug_str     0x0000000000083f75     0x381a ./Core/Src/ssd1306.o
                                      0x8734f (size before relaxing)
 .debug_str     0x000000000008778f     0x10f7 ./Core/Src/ssd1306_tests.o
                                      0x8742a (size before relaxing)
 .debug_str     0x0000000000088886      0x387 ./Core/Src/stm32f1xx_hal_msp.o
                                      0x83d16 (size before relaxing)
 .debug_str     0x0000000000088c0d       0xfc ./Core/Src/stm32f1xx_it.o
                                      0x836ef (size before relaxing)
 .debug_str     0x0000000000088d09      0x4da ./Core/Src/sysmem.o
                                       0x5d46 (size before relaxing)
 .debug_str     0x00000000000891e3       0x7e ./Core/Src/system_stm32f1xx.o
                                      0x831b5 (size before relaxing)
 .debug_str     0x0000000000089261       0x36 ./Core/Startup/startup_stm32f103c8tx.o
                                         0x60 (size before relaxing)
 .debug_str     0x0000000000089297      0x378 ./Drivers/STM32F1xx_HAL_Driver/Src/stm32f1xx_hal.o
                                      0x838e8 (size before relaxing)
 .debug_str     0x000000000008960f      0x294 ./Drivers/STM32F1xx_HAL_Driver/Src/stm32f1xx_hal_cortex.o
                                      0x83834 (size before relaxing)
 .debug_str     0x00000000000898a3      0x2f7 ./Drivers/STM32F1xx_HAL_Driver/Src/stm32f1xx_hal_gpio.o
                                      0x8353b (size before relaxing)
 .debug_str     0x0000000000089b9a      0xbbd ./Drivers/STM32F1xx_HAL_Driver/Src/stm32f1xx_hal_i2c.o
                                      0x8427c (size before relaxing)
 .debug_str     0x000000000008a757      0x209 ./Drivers/STM32F1xx_HAL_Driver/Src/stm32f1xx_hal_rcc.o
                                      0x835e4 (size before relaxing)
 .debug_str     0x000000000008a960      0xc83 ./Drivers/STM32F1xx_HAL_Driver/Src/stm32f1xx_hal_tim.o
                                      0x845d6 (size before relaxing)
 .debug_str     0x000000000008b5e3      0x493 ./Drivers/STM32F1xx_HAL_Driver/Src/stm32f1xx_hal_tim_ex.o
                                      0x83df2 (size before relaxing)

.comment        0x0000000000000000       0x50
 .comment       0x0000000000000000       0x50 ./Core/Src/fonts.o
                                         0x51 (size before relaxing)
 .comment       0x0000000000000050       0x51 ./Core/Src/main.o
 .comment       0x0000000000000050       0x51 ./Core/Src/ssd1306.o
 .comment       0x0000000000000050       0x51 ./Core/Src/ssd1306_tests.o
 .comment       0x0000000000000050       0x51 ./Core/Src/stm32f1xx_hal_msp.o
 .comment       0x0000000000000050       0x51 ./Core/Src/stm32f1xx_it.o
 .comment       0x0000000000000050       0x51 ./Core/Src/sysmem.o
 .comment       0x0000000000000050       0x51 ./Core/Src/system_stm32f1xx.o
 .comment       0x0000000000000050       0x51 ./Drivers/STM32F1xx_HAL_Driver/Src/stm32f1xx_hal.o
 .comment       0x0000000000000050       0x51 ./Drivers/STM32F1xx_HAL_Driver/Src/stm32f1xx_hal_cortex.o
 .comment       0x0000000000000050       0x51 ./Drivers/STM32F1xx_HAL_Driver/Src/stm32f1xx_hal_gpio.o
 .comment       0x0000000000000050       0x51 ./Drivers/STM32F1xx_HAL_Driver/Src/stm32f1xx_hal_i2c.o
 .comment       0x0000000000000050       0x51 ./Drivers/STM32F1xx_HAL_Driver/Src/stm32f1xx_hal_rcc.o
 .comment       0x0000000000000050       0x51 ./Drivers/STM32F1xx_HAL_Driver/Src/stm32f1xx_hal_tim.o
 .comment       0x0000000000000050       0x51 ./Drivers/STM32F1xx_HAL_Driver/Src/stm32f1xx_hal_tim_ex.o

.debug_ranges   0x0000000000000000      0xcd0
 .debug_ranges  0x0000000000000000       0x50 ./Core/Src/main.o
 .debug_ranges  0x0000000000000050       0xd0 ./Core/Src/ssd1306.o
 .debug_ranges  0x0000000000000120       0x68 ./Core/Src/ssd1306_tests.o
 .debug_ranges  0x0000000000000188       0x48 ./Core/Src/stm32f1xx_hal_msp.o
 .debug_ranges  0x00000000000001d0       0x68 ./Core/Src/stm32f1xx_it.o
 .debug_ranges  0x0000000000000238       0x10 ./Core/Src/sysmem.o
 .debug_ranges  0x0000000000000248       0x18 ./Core/Src/system_stm32f1xx.o
 .debug_ranges  0x0000000000000260       0x20 ./Core/Startup/startup_stm32f103c8tx.o
 .debug_ranges  0x0000000000000280       0xd0 ./Drivers/STM32F1xx_HAL_Driver/Src/stm32f1xx_hal.o
 .debug_ranges  0x0000000000000350       0xf0 ./Drivers/STM32F1xx_HAL_Driver/Src/stm32f1xx_hal_cortex.o
 .debug_ranges  0x0000000000000440       0x48 ./Drivers/STM32F1xx_HAL_Driver/Src/stm32f1xx_hal_gpio.o
 .debug_ranges  0x0000000000000488      0x2b0 ./Drivers/STM32F1xx_HAL_Driver/Src/stm32f1xx_hal_i2c.o
 .debug_ranges  0x0000000000000738       0x80 ./Drivers/STM32F1xx_HAL_Driver/Src/stm32f1xx_hal_rcc.o
 .debug_ranges  0x00000000000007b8      0x3c0 ./Drivers/STM32F1xx_HAL_Driver/Src/stm32f1xx_hal_tim.o
 .debug_ranges  0x0000000000000b78      0x158 ./Drivers/STM32F1xx_HAL_Driver/Src/stm32f1xx_hal_tim_ex.o

.debug_frame    0x0000000000000000     0x4230
 .debug_frame   0x0000000000000000      0x138 ./Core/Src/main.o
 .debug_frame   0x0000000000000138      0x3bc ./Core/Src/ssd1306.o
 .debug_frame   0x00000000000004f4      0x1c8 ./Core/Src/ssd1306_tests.o
 .debug_frame   0x00000000000006bc      0x13c ./Core/Src/stm32f1xx_hal_msp.o
 .debug_frame   0x00000000000007f8      0x158 ./Core/Src/stm32f1xx_it.o
 .debug_frame   0x0000000000000950       0x34 ./Core/Src/sysmem.o
 .debug_frame   0x0000000000000984       0x58 ./Core/Src/system_stm32f1xx.o
 .debug_frame   0x00000000000009dc      0x334 ./Drivers/STM32F1xx_HAL_Driver/Src/stm32f1xx_hal.o
 .debug_frame   0x0000000000000d10      0x428 ./Drivers/STM32F1xx_HAL_Driver/Src/stm32f1xx_hal_cortex.o
 .debug_frame   0x0000000000001138      0x14c ./Drivers/STM32F1xx_HAL_Driver/Src/stm32f1xx_hal_gpio.o
 .debug_frame   0x0000000000001284      0xc84 ./Drivers/STM32F1xx_HAL_Driver/Src/stm32f1xx_hal_i2c.o
 .debug_frame   0x0000000000001f08      0x218 ./Drivers/STM32F1xx_HAL_Driver/Src/stm32f1xx_hal_rcc.o
 .debug_frame   0x0000000000002120     0x11bc ./Drivers/STM32F1xx_HAL_Driver/Src/stm32f1xx_hal_tim.o
 .debug_frame   0x00000000000032dc      0x638 ./Drivers/STM32F1xx_HAL_Driver/Src/stm32f1xx_hal_tim_ex.o
 .debug_frame   0x0000000000003914       0x20 /opt/st/stm32cubeide_1.11.2/plugins/com.st.stm32cube.ide.mcu.externaltools.gnu-tools-for-stm32.10.3-2021.10.linux64_1.0.100.202210260954/tools/bin/../lib/gcc/arm-none-eabi/10.3.1/../../../../arm-none-eabi/lib/thumb/v7-m/nofp/libc_nano.a(lib_a-errno.o)
 .debug_frame   0x0000000000003934       0x2c /opt/st/stm32cubeide_1.11.2/plugins/com.st.stm32cube.ide.mcu.externaltools.gnu-tools-for-stm32.10.3-2021.10.linux64_1.0.100.202210260954/tools/bin/../lib/gcc/arm-none-eabi/10.3.1/../../../../arm-none-eabi/lib/thumb/v7-m/nofp/libc_nano.a(lib_a-init.o)
 .debug_frame   0x0000000000003960       0x28 /opt/st/stm32cubeide_1.11.2/plugins/com.st.stm32cube.ide.mcu.externaltools.gnu-tools-for-stm32.10.3-2021.10.linux64_1.0.100.202210260954/tools/bin/../lib/gcc/arm-none-eabi/10.3.1/../../../../arm-none-eabi/lib/thumb/v7-m/nofp/libc_nano.a(lib_a-memcpy-stub.o)